Archive member included to satisfy reference by file (symbol)

c:/progra~2/armgnu~1/12977f~1.2mp/bin/../lib/gcc/arm-none-eabi/12.2.1/thumb/v7e-m+fp/hard\libstdc++.a(class_type_info.o)
                              CMakeFiles/test.elf.dir/BUPT_RobotTeam_Libraries/ChassisLib_CXX/rubberwheel_chassis.cpp.obj (vtable for __cxxabiv1::__class_type_info)
c:/progra~2/armgnu~1/12977f~1.2mp/bin/../lib/gcc/arm-none-eabi/12.2.1/thumb/v7e-m+fp/hard\libstdc++.a(del_ops.o)
                              CMakeFiles/test.elf.dir/BUPT_RobotTeam_Libraries/ChassisLib_CXX/rubberwheel_chassis.cpp.obj (operator delete(void*, unsigned int))
c:/progra~2/armgnu~1/12977f~1.2mp/bin/../lib/gcc/arm-none-eabi/12.2.1/thumb/v7e-m+fp/hard\libstdc++.a(si_class_type_info.o)
                              CMakeFiles/test.elf.dir/BUPT_RobotTeam_Libraries/ChassisLib_CXX/rubberwheel_chassis.cpp.obj (vtable for __cxxabiv1::__si_class_type_info)
c:/progra~2/armgnu~1/12977f~1.2mp/bin/../lib/gcc/arm-none-eabi/12.2.1/thumb/v7e-m+fp/hard\libstdc++.a(tinfo.o)
                              c:/progra~2/armgnu~1/12977f~1.2mp/bin/../lib/gcc/arm-none-eabi/12.2.1/thumb/v7e-m+fp/hard\libstdc++.a(class_type_info.o) (std::type_info::~type_info())
c:/progra~2/armgnu~1/12977f~1.2mp/bin/../lib/gcc/arm-none-eabi/12.2.1/thumb/v7e-m+fp/hard\libstdc++.a(del_op.o)
                              c:/progra~2/armgnu~1/12977f~1.2mp/bin/../lib/gcc/arm-none-eabi/12.2.1/thumb/v7e-m+fp/hard\libstdc++.a(del_ops.o) (operator delete(void*))
c:/progra~2/armgnu~1/12977f~1.2mp/bin/../lib/gcc/arm-none-eabi/12.2.1/thumb/v7e-m+fp/hard\libm.a(libm_a-w_pow.o)
                              CMakeFiles/test.elf.dir/Core/Src/wheeltec_N100.c.obj (pow)
c:/progra~2/armgnu~1/12977f~1.2mp/bin/../lib/gcc/arm-none-eabi/12.2.1/thumb/v7e-m+fp/hard\libm.a(libm_a-w_sqrt.o)
                              CMakeFiles/test.elf.dir/BUPT_RobotTeam_Libraries/SimpleLib/utils/vec.c.obj (sqrt)
c:/progra~2/armgnu~1/12977f~1.2mp/bin/../lib/gcc/arm-none-eabi/12.2.1/thumb/v7e-m+fp/hard\libm.a(libm_a-wf_atan2.o)
                              CMakeFiles/test.elf.dir/BUPT_RobotTeam_Libraries/SimpleLib/utils/utils.c.obj (atan2f)
c:/progra~2/armgnu~1/12977f~1.2mp/bin/../lib/gcc/arm-none-eabi/12.2.1/thumb/v7e-m+fp/hard\libm.a(libm_a-wf_pow.o)
                              CMakeFiles/test.elf.dir/BUPT_RobotTeam_Libraries/ChassisLib_CXX/ctrlGo2Point.cpp.obj (powf)
c:/progra~2/armgnu~1/12977f~1.2mp/bin/../lib/gcc/arm-none-eabi/12.2.1/thumb/v7e-m+fp/hard\libm.a(libm_a-wf_sqrt.o)
                              CMakeFiles/test.elf.dir/BUPT_RobotTeam_Libraries/ChassisLib_CXX/ctrlGo2Point.cpp.obj (sqrtf)
c:/progra~2/armgnu~1/12977f~1.2mp/bin/../lib/gcc/arm-none-eabi/12.2.1/thumb/v7e-m+fp/hard\libm.a(libm_a-s_finite.o)
                              c:/progra~2/armgnu~1/12977f~1.2mp/bin/../lib/gcc/arm-none-eabi/12.2.1/thumb/v7e-m+fp/hard\libm.a(libm_a-w_pow.o) (finite)
c:/progra~2/armgnu~1/12977f~1.2mp/bin/../lib/gcc/arm-none-eabi/12.2.1/thumb/v7e-m+fp/hard\libm.a(libm_a-sf_finite.o)
                              c:/progra~2/armgnu~1/12977f~1.2mp/bin/../lib/gcc/arm-none-eabi/12.2.1/thumb/v7e-m+fp/hard\libm.a(libm_a-wf_pow.o) (finitef)
c:/progra~2/armgnu~1/12977f~1.2mp/bin/../lib/gcc/arm-none-eabi/12.2.1/thumb/v7e-m+fp/hard\libm.a(libm_a-e_sqrt.o)
                              c:/progra~2/armgnu~1/12977f~1.2mp/bin/../lib/gcc/arm-none-eabi/12.2.1/thumb/v7e-m+fp/hard\libm.a(libm_a-w_sqrt.o) (__ieee754_sqrt)
c:/progra~2/armgnu~1/12977f~1.2mp/bin/../lib/gcc/arm-none-eabi/12.2.1/thumb/v7e-m+fp/hard\libm.a(libm_a-ef_sqrt.o)
                              c:/progra~2/armgnu~1/12977f~1.2mp/bin/../lib/gcc/arm-none-eabi/12.2.1/thumb/v7e-m+fp/hard\libm.a(libm_a-wf_sqrt.o) (__ieee754_sqrtf)
c:/progra~2/armgnu~1/12977f~1.2mp/bin/../lib/gcc/arm-none-eabi/12.2.1/thumb/v7e-m+fp/hard\libm.a(libm_a-e_pow.o)
                              c:/progra~2/armgnu~1/12977f~1.2mp/bin/../lib/gcc/arm-none-eabi/12.2.1/thumb/v7e-m+fp/hard\libm.a(libm_a-w_pow.o) (__ieee754_pow)
c:/progra~2/armgnu~1/12977f~1.2mp/bin/../lib/gcc/arm-none-eabi/12.2.1/thumb/v7e-m+fp/hard\libm.a(libm_a-s_fabs.o)
                              c:/progra~2/armgnu~1/12977f~1.2mp/bin/../lib/gcc/arm-none-eabi/12.2.1/thumb/v7e-m+fp/hard\libm.a(libm_a-e_pow.o) (fabs)
c:/progra~2/armgnu~1/12977f~1.2mp/bin/../lib/gcc/arm-none-eabi/12.2.1/thumb/v7e-m+fp/hard\libm.a(libm_a-ef_atan2.o)
                              c:/progra~2/armgnu~1/12977f~1.2mp/bin/../lib/gcc/arm-none-eabi/12.2.1/thumb/v7e-m+fp/hard\libm.a(libm_a-wf_atan2.o) (__ieee754_atan2f)
c:/progra~2/armgnu~1/12977f~1.2mp/bin/../lib/gcc/arm-none-eabi/12.2.1/thumb/v7e-m+fp/hard\libm.a(libm_a-ef_pow.o)
                              c:/progra~2/armgnu~1/12977f~1.2mp/bin/../lib/gcc/arm-none-eabi/12.2.1/thumb/v7e-m+fp/hard\libm.a(libm_a-wf_pow.o) (__ieee754_powf)
c:/progra~2/armgnu~1/12977f~1.2mp/bin/../lib/gcc/arm-none-eabi/12.2.1/thumb/v7e-m+fp/hard\libm.a(libm_a-sf_atan.o)
[...]
Memory Configuration

Name             Origin             Length             Attributes
CCMRAM           0x10000000         0x00010000         xrw
RAM              0x20000000         0x00020000         xrw
FLASH            0x08000000         0x00100000         xr
*default*        0x00000000         0xffffffff

Linker script and memory map

LOAD c:/progra~2/armgnu~1/12977f~1.2mp/bin/../lib/gcc/arm-none-eabi/12.2.1/thumb/v7e-m+fp/hard/crti.o
LOAD c:/progra~2/armgnu~1/12977f~1.2mp/bin/../lib/gcc/arm-none-eabi/12.2.1/thumb/v7e-m+fp/hard/crtbegin.o
LOAD c:/progra~2/armgnu~1/12977f~1.2mp/bin/../lib/gcc/arm-none-eabi/12.2.1/thumb/v7e-m+fp/hard/crt0.o
LOAD CMakeFiles/test.elf.dir/Core/Src/can.c.obj
LOAD CMakeFiles/test.elf.dir/Core/Src/dma.c.obj
LOAD CMakeFiles/test.elf.dir/Core/Src/freertos.c.obj
LOAD CMakeFiles/test.elf.dir/Core/Src/gpio.c.obj
LOAD CMakeFiles/test.elf.dir/Core/Src/main.c.obj
LOAD CMakeFiles/test.elf.dir/Core/Src/stm32f4xx_hal_msp.c.obj
LOAD CMakeFiles/test.elf.dir/Core/Src/stm32f4xx_hal_timebase_tim.c.obj
LOAD CMakeFiles/test.elf.dir/Core/Src/stm32f4xx_it.c.obj
LOAD CMakeFiles/test.elf.dir/Core/Src/syscalls.c.obj
LOAD CMakeFiles/test.elf.dir/Core/Src/sysmem.c.obj
LOAD CMakeFiles/test.elf.dir/Core/Src/system_stm32f4xx.c.obj
LOAD CMakeFiles/test.elf.dir/Core/Src/usart.c.obj
LOAD CMakeFiles/test.elf.dir/Core/Src/tim.c.obj
LOAD CMakeFiles/test.elf.dir/Core/Src/wheeltec_N100.c.obj
LOAD CMakeFiles/test.elf.dir/Core/Startup/startup_stm32f407zgtx.s.obj
LOAD CMakeFiles/test.elf.dir/Middlewares/Third_Party/FreeRTOS/Source/CMSIS_RTOS_V2/cmsis_os2.c.obj
LOAD CMakeFiles/test.elf.dir/Middlewares/Third_Party/FreeRTOS/Source/croutine.c.obj
LOAD CMakeFiles/test.elf.dir/Middlewares/Third_Party/FreeRTOS/Source/event_groups.c.obj
LOAD CMakeFiles/test.elf.dir/Middlewares/Third_Party/FreeRTOS/Source/list.c.obj
LOAD CMakeFiles/test.elf.dir/Middlewares/Third_Party/FreeRTOS/Source/portable/GCC/ARM_CM4F/port.c.obj
LOAD CMakeFiles/test.elf.dir/Middlewares/Third_Party/FreeRTOS/Source/portable/MemMang/heap_4.c.obj
LOAD CMakeFiles/test.elf.dir/Middlewares/Third_Party/FreeRTOS/Source/queue.c.obj
LOAD CMakeFiles/test.elf.dir/Middlewares/Third_Party/FreeRTOS/Source/stream_buffer.c.obj
LOAD CMakeFiles/test.elf.dir/Middlewares/Third_Party/FreeRTOS/Source/tasks.c.obj
LOAD CMakeFiles/test.elf.dir/Middlewares/Third_Party/FreeRTOS/Source/timers.c.obj
LOAD CMakeFiles/test.elf.dir/Drivers/STM32F4xx_HAL_Driver/Src/stm32f4xx_hal.c.obj
LOAD CMakeFiles/test.elf.dir/Drivers/STM32F4xx_HAL_Driver/Src/stm32f4xx_hal_can.c.obj
LOAD CMakeFiles/test.elf.dir/Drivers/STM32F4xx_HAL_Driver/Src/stm32f4xx_hal_cortex.c.obj
LOAD CMakeFiles/test.elf.dir/Drivers/STM32F4xx_HAL_Driver/Src/stm32f4xx_hal_dma.c.obj
LOAD CMakeFiles/test.elf.dir/Drivers/STM32F4xx_HAL_Driver/Src/stm32f4xx_hal_dma_ex.c.obj
LOAD CMakeFiles/test.elf.dir/Drivers/STM32F4xx_HAL_Driver/Src/stm32f4xx_hal_exti.c.obj
LOAD CMakeFiles/test.elf.dir/Drivers/STM32F4xx_HAL_Driver/Src/stm32f4xx_hal_flash.c.obj
LOAD CMakeFiles/test.elf.dir/Drivers/STM32F4xx_HAL_Driver/Src/stm32f4xx_hal_flash_ex.c.obj
LOAD CMakeFiles/test.elf.dir/Drivers/STM32F4xx_HAL_Driver/Src/stm32f4xx_hal_flash_ramfunc.c.obj
LOAD CMakeFiles/test.elf.dir/Drivers/STM32F4xx_HAL_Driver/Src/stm32f4xx_hal_gpio.c.obj
LOAD CMakeFiles/test.elf.dir/Drivers/STM32F4xx_HAL_Driver/Src/stm32f4xx_hal_pwr.c.obj
LOAD CMakeFiles/test.elf.dir/Drivers/STM32F4xx_HAL_Driver/Src/stm32f4xx_hal_pwr_ex.c.obj
LOAD CMakeFiles/test.elf.dir/Drivers/STM32F4xx_HAL_Driver/Src/stm32f4xx_hal_rcc.c.obj
LOAD CMakeFiles/test.elf.dir/Drivers/STM32F4xx_HAL_Driver/Src/stm32f4xx_hal_rcc_ex.c.obj
LOAD CMakeFiles/test.elf.dir/Drivers/STM32F4xx_HAL_Driver/Src/stm32f4xx_hal_tim.c.obj
LOAD CMakeFiles/test.elf.dir/Drivers/STM32F4xx_HAL_Driver/Src/stm32f4xx_hal_tim_ex.c.obj
LOAD CMakeFiles/test.elf.dir/Drivers/STM32F4xx_HAL_Driver/Src/stm32f4xx_hal_uart.c.obj
LOAD CMakeFiles/test.elf.dir/oslib/oslib.c.obj
LOAD CMakeFiles/test.elf.dir/oslib/port/stm32f407zg/oslib_can_port.c.obj
LOAD CMakeFiles/test.elf.dir/oslib/port/stm32f407zg/oslib_uart_port.c.obj
LOAD CMakeFiles/test.elf.dir/oslib/can/oslib_can.c.obj
LOAD CMakeFiles/test.elf.dir/oslib/can/oslib_can_dispatch.c.obj
LOAD CMakeFiles/test.elf.dir/oslib/uart/oslib_uart.c.obj
LOAD CMakeFiles/test.elf.dir/oslib/uart/oslib_uart_cmd.c.obj
LOAD CMakeFiles/test.elf.dir/oslib/utils/oslib_hash.c.obj
LOAD CMakeFiles/test.elf.dir/oslib/debug/SEGGER_RTT.c.obj
LOAD CMakeFiles/test.elf.dir/oslib/debug/SEGGER_RTT_ASM_ARMv7M.S.obj
LOAD CMakeFiles/test.elf.dir/oslib/debug/SEGGER_RTT_printf.c.obj
LOAD CMakeFiles/test.elf.dir/oslib/components/easylogger/port/elog_port.c.obj
LOAD CMakeFiles/test.elf.dir/oslib/components/easylogger/port/elog_cmd.c.obj
LOAD CMakeFiles/test.elf.dir/oslib/components/easylogger/src/elog.c.obj
LOAD CMakeFiles/test.elf.dir/oslib/components/easylogger/src/elog_async.c.obj
LOAD CMakeFiles/test.elf.dir/oslib/components/easylogger/src/elog_utils.c.obj
LOAD CMakeFiles/test.elf.dir/oslib/components/vofaDataDriver/vofaDataDriver.c.obj
LOAD CMakeFiles/test.elf.dir/oslib/example/can_func.c.obj
LOAD CMakeFiles/test.elf.dir/oslib/example/cmd_func.c.obj
LOAD CMakeFiles/test.elf.dir/BUPT_RobotTeam_Libraries/MotorLib/dji_boardv2_can.c.obj
LOAD CMakeFiles/test.elf.dir/BUPT_RobotTeam_Libraries/MotorLib/motor_driver.c.obj
LOAD CMakeFiles/test.elf.dir/BUPT_RobotTeam_Libraries/MotorLib/odrive_can.c.obj
LOAD CMakeFiles/test.elf.dir/BUPT_RobotTeam_Libraries/MotorLib/vesc_can.c.obj
LOAD CMakeFiles/test.elf.dir/BUPT_RobotTeam_Libraries/ChassisLib_CXX/base_chassis.cpp.obj
LOAD CMakeFiles/test.elf.dir/BUPT_RobotTeam_Libraries/ChassisLib_CXX/ctrlGo2Point.cpp.obj
LOAD CMakeFiles/test.elf.dir/BUPT_RobotTeam_Libraries/SimpleLib/utils/utils.c.obj
LOAD CMakeFiles/test.elf.dir/BUPT_RobotTeam_Libraries/SimpleLib/utils/vec.c.obj
LOAD CMakeFiles/test.elf.dir/BUPT_RobotTeam_Libraries/SimpleLib/utils/kalman.c.obj
LOAD CMakeFiles/test.elf.dir/BUPT_RobotTeam_Libraries/ChassisLib_CXX/rubberwheel_chassis.cpp.obj
LOAD c:/progra~2/armgnu~1/12977f~1.2mp/bin/../lib/gcc/arm-none-eabi/12.2.1/thumb/v7e-m+fp/hard\libstdc++.a
LOAD c:/progra~2/armgnu~1/12977f~1.2mp/bin/../lib/gcc/arm-none-eabi/12.2.1/thumb/v7e-m+fp/hard\libm.a
START GROUP
LOAD c:/progra~2/armgnu~1/12977f~1.2mp/bin/../lib/gcc/arm-none-eabi/12.2.1/thumb/v7e-m+fp/hard\libgcc.a
LOAD c:/progra~2/armgnu~1/12977f~1.2mp/bin/../lib/gcc/arm-none-eabi/12.2.1/thumb/v7e-m+fp/hard\libg.a
LOAD c:/progra~2/armgnu~1/12977f~1.2mp/bin/../lib/gcc/arm-none-eabi/12.2.1/thumb/v7e-m+fp/hard\libc.a
END GROUP
LOAD c:/progra~2/armgnu~1/12977f~1.2mp/bin/../lib/gcc/arm-none-eabi/12.2.1/thumb/v7e-m+fp/hard/crtend.o
LOAD c:/progra~2/armgnu~1/12977f~1.2mp/bin/../lib/gcc/arm-none-eabi/12.2.1/thumb/v7e-m+fp/hard/crtn.o
                0x20020000                        _estack = (ORIGIN (RAM) + LENGTH (RAM))
                0x00000200                        _Min_Heap_Size = 0x200
                0x00000400                        _Min_Stack_Size = 0x400

.isr_vector     0x08000000      0x188
                0x08000000                        . = ALIGN (0x4)
 *(.isr_vector)
 .isr_vector    0x08000000      0x188 CMakeFiles/test.elf.dir/Core/Startup/startup_stm32f407zgtx.s.obj
                0x08000000                g_pfnVectors
                0x08000188                        . = ALIGN (0x4)

.text           0x080001c0    0x125f0
                0x080001c0                        . = ALIGN (0x4)
 *(.text)
 .text          0x080001c0      0x378 c:/progra~2/armgnu~1/12977f~1.2mp/bin/../lib/gcc/arm-none-eabi/12.2.1/thumb/v7e-m+fp/hard\libgcc.a(_arm_addsubdf3.o)
                0x080001c0                __aeabi_drsub
                0x080001c8                __aeabi_dsub
                0x080001c8                __subdf3
                0x080001cc                __aeabi_dadd
                0x080001cc                __adddf3
                0x08000444                __floatunsidf
                0x08000444                __aeabi_ui2d
                0x08000464                __floatsidf
                0x08000464                __aeabi_i2d
                0x08000488                __aeabi_f2d
                0x08000488                __extendsfdf2
                0x080004cc                __floatundidf
                0x080004cc                __aeabi_ul2d
                0x080004dc                __floatdidf
                0x080004dc                __aeabi_l2d
 .text          0x08000538      0x424 c:/progra~2/armgnu~1/12977f~1.2mp/bin/../lib/gcc/arm-none-eabi/12.2.1/thumb/v7e-m+fp/hard\libgcc.a(_arm_muldivdf3.o)
                0x08000538                __aeabi_dmul
                0x08000538                __muldf3
                0x0800078c                __divdf3
                0x0800078c                __aeabi_ddiv
 .text          0x0800095c      0x110 c:/progra~2/armgnu~1/12977f~1.2mp/bin/../lib/gcc/arm-none-eabi/12.2.1/thumb/v7e-m+fp/hard\libgcc.a(_arm_cmpdf2.o)
                0x0800095c                __gtdf2
                0x0800095c                __gedf2
                0x08000964                __ltdf2
                0x08000964                __ledf2
                0x0800096c                __nedf2
                0x0800096c                __eqdf2
                0x0800096c                __cmpdf2
                0x080009e8                __aeabi_cdrcmple
                0x080009f8                __aeabi_cdcmpeq
                0x080009f8                __aeabi_cdcmple
                0x08000a08                __aeabi_dcmpeq
                0x08000a1c                __aeabi_dcmplt
                0x08000a30                __aeabi_dcmple
                0x08000a44                __aeabi_dcmpge
                0x08000a58                __aeabi_dcmpgt
 .text          0x08000a6c       0x2c c:/progra~2/armgnu~1/12977f~1.2mp/bin/../lib/gcc/arm-none-eabi/12.2.1/thumb/v7e-m+fp/hard\libgcc.a(_arm_unorddf2.o)
                0x08000a6c                __unorddf2
                0x08000a6c                __aeabi_dcmpun
 .text          0x08000a98       0xa0 c:/progra~2/armgnu~1/12977f~1.2mp/bin/../lib/gcc/arm-none-eabi/12.2.1/thumb/v7e-m+fp/hard\libgcc.a(_arm_truncdfsf2.o)
                0x08000a98                __truncdfsf2
                0x08000a98                __aeabi_d2f
 .text          0x08000b38      0x21c c:/progra~2/armgnu~1/12977f~1.2mp/bin/../lib/gcc/arm-none-eabi/12.2.1/thumb/v7e-m+fp/hard\libgcc.a(_arm_addsubsf3.o)
                0x08000b38                __aeabi_frsub
                0x08000b40                __subsf3
                0x08000b40                __aeabi_fsub
                0x08000b44                __aeabi_fadd
                0x08000b44                __addsf3
                0x08000ca4                __aeabi_ui2f
                0x08000ca4                __floatunsisf
                0x08000cac                __aeabi_i2f
                0x08000cac                __floatsisf
                0x08000cc8                __aeabi_ul2f
                0x08000cc8                __floatundisf
                0x08000cd8                __aeabi_l2f
                0x08000cd8                __floatdisf
 .text          0x08000d54       0x30 c:/progra~2/armgnu~1/12977f~1.2mp/bin/../lib/gcc/arm-none-eabi/12.2.1/thumb/v7e-m+fp/hard\libgcc.a(_aeabi_uldivmod.o)
                0x08000d54                __aeabi_uldivmod
 .text          0x08000d84      0x1ac c:/progra~2/armgnu~1/12977f~1.2mp/bin/../lib/gcc/arm-none-eabi/12.2.1/thumb/v7e-m+fp/hard\libgcc.a(libunwind.o)
                0x08000d84                __restore_core_regs
                0x08000d84                restore_core_regs
                0x08000d9c                __gnu_Unwind_Restore_VFP
                0x08000da4                __gnu_Unwind_Save_VFP
                0x08000dac                __gnu_Unwind_Restore_VFP_D
                0x08000db4                __gnu_Unwind_Save_VFP_D
                0x08000dbc                __gnu_Unwind_Restore_VFP_D_16_to_31
                0x08000dc4                __gnu_Unwind_Save_VFP_D_16_to_31
                0x08000dcc                __gnu_Unwind_Restore_WMMXD
                0x08000e10                __gnu_Unwind_Save_WMMXD
                0x08000e54                __gnu_Unwind_Restore_WMMXC
                0x08000e68                __gnu_Unwind_Save_WMMXC
                0x08000e7c                ___Unwind_RaiseException
                0x08000e7c                _Unwind_RaiseException
                0x08000ea0                _Unwind_Resume
                0x08000ea0                ___Unwind_Resume
                0x08000ec4                _Unwind_Resume_or_Rethrow
                0x08000ec4                ___Unwind_Resume_or_Rethrow
                0x08000ee8                _Unwind_ForcedUnwind
                0x08000ee8                ___Unwind_ForcedUnwind
                0x08000f0c                ___Unwind_Backtrace
                0x08000f0c                _Unwind_Backtrace
 .text          0x08000f30        0x4 c:/progra~2/armgnu~1/12977f~1.2mp/bin/../lib/gcc/arm-none-eabi/12.2.1/thumb/v7e-m+fp/hard\libgcc.a(_dvmd_tls.o)
                0x08000f30                __aeabi_idiv0
                0x08000f30                __aeabi_ldiv0
 *fill*         0x08000f34        0xc 
 .text          0x08000f40      0x2e0 c:/progra~2/armgnu~1/12977f~1.2mp/bin/../lib/gcc/arm-none-eabi/12.2.1/thumb/v7e-m+fp/hard\libg.a(libc_a-strcmp.o)
                0x08000f40                strcmp
 .text          0x08001220       0xa0 c:/progra~2/armgnu~1/12977f~1.2mp/bin/../lib/gcc/arm-none-eabi/12.2.1/thumb/v7e-m+fp/hard\libg.a(libc_a-memchr.o)
                0x08001220                memchr
 .text          0x080012c0      0x134 c:/progra~2/armgnu~1/12977f~1.2mp/bin/../lib/gcc/arm-none-eabi/12.2.1/thumb/v7e-m+fp/hard\libg.a(libc_a-memcpy.o)
                0x080012c0                memcpy
 *fill*         0x080013f4        0xc 
 .text          0x08001400       0xd8 c:/progra~2/armgnu~1/12977f~1.2mp/bin/../lib/gcc/arm-none-eabi/12.2.1/thumb/v7e-m+fp/hard\libg.a(libc_a-strlen.o)
                0x08001400                strlen
 .text          0x080014d8       0x50 c:/progra~2/armgnu~1/12977f~1.2mp/bin/../lib/gcc/arm-none-eabi/12.2.1/thumb/v7e-m+fp/hard\libgcc.a(_arm_fixdfsi.o)
                0x080014d8                __aeabi_d2iz
                0x080014d8                __fixdfsi
 *(.text*)
 .text.deregister_tm_clones
                0x08001528       0x1c c:/progra~2/armgnu~1/12977f~1.2mp/bin/../lib/gcc/arm-none-eabi/12.2.1/thumb/v7e-m+fp/hard/crtbegin.o
 .text.register_tm_clones
                0x08001544       0x24 c:/progra~2/armgnu~1/12977f~1.2mp/bin/../lib/gcc/arm-none-eabi/12.2.1/thumb/v7e-m+fp/hard/crtbegin.o
 .text.__do_global_dtors_aux
                0x08001568       0x28 c:/progra~2/armgnu~1/12977f~1.2mp/bin/../lib/gcc/arm-none-eabi/12.2.1/thumb/v7e-m+fp/hard/crtbegin.o
 .text.frame_dummy
                0x08001590       0x24 c:/progra~2/armgnu~1/12977f~1.2mp/bin/../lib/gcc/arm-none-eabi/12.2.1/thumb/v7e-m+fp/hard/crtbegin.o
 .text.MX_CAN1_Init
                0x080015b4       0x44 CMakeFiles/test.elf.dir/Core/Src/can.c.obj
                0x080015b4                MX_CAN1_Init
 .text.MX_CAN2_Init
                0x080015f8       0x44 CMakeFiles/test.elf.dir/Core/Src/can.c.obj
                0x080015f8                MX_CAN2_Init
 .text.HAL_CAN_MspInit
                0x0800163c      0x164 CMakeFiles/test.elf.dir/Core/Src/can.c.obj
                0x0800163c                HAL_CAN_MspInit
 .text.MX_DMA_Init
                0x080017a0       0x78 CMakeFiles/test.elf.dir/Core/Src/dma.c.obj
                0x080017a0                MX_DMA_Init
 .text.StartDefaultTask
                0x08001818       0x18 CMakeFiles/test.elf.dir/Core/Src/freertos.c.obj
                0x08001818                StartDefaultTask
 .text.StartImuDataRead
                0x08001830      0x154 CMakeFiles/test.elf.dir/Core/Src/freertos.c.obj
                0x08001830                StartImuDataRead
 .text.MX_FREERTOS_Init
                0x08001984       0x54 CMakeFiles/test.elf.dir/Core/Src/freertos.c.obj
                0x08001984                MX_FREERTOS_Init
 .text.MX_GPIO_Init
                0x080019d8       0xa4 CMakeFiles/test.elf.dir/Core/Src/gpio.c.obj
                0x080019d8                MX_GPIO_Init
 .text.HAL_TIM_PeriodElapsedCallback
                0x08001a7c       0x18 CMakeFiles/test.elf.dir/Core/Src/main.c.obj
                0x08001a7c                HAL_TIM_PeriodElapsedCallback
 .text.Error_Handler
                0x08001a94        0x4 CMakeFiles/test.elf.dir/Core/Src/main.c.obj
                0x08001a94                Error_Handler
 .text.SystemClock_Config
                0x08001a98       0xa8 CMakeFiles/test.elf.dir/Core/Src/main.c.obj
                0x08001a98                SystemClock_Config
 .text.main     0x08001b40       0x38 CMakeFiles/test.elf.dir/Core/Src/main.c.obj
                0x08001b40                main
 .text.HAL_MspInit
                0x08001b78       0x44 CMakeFiles/test.elf.dir/Core/Src/stm32f4xx_hal_msp.c.obj
                0x08001b78                HAL_MspInit
 .text.HAL_InitTick
                0x08001bbc       0x7c CMakeFiles/test.elf.dir/Core/Src/stm32f4xx_hal_timebase_tim.c.obj
                0x08001bbc                HAL_InitTick
 .text.NMI_Handler
                0x08001c38        0x2 CMakeFiles/test.elf.dir/Core/Src/stm32f4xx_it.c.obj
                0x08001c38                NMI_Handler
 .text.HardFault_Handler
                0x08001c3a        0x2 CMakeFiles/test.elf.dir/Core/Src/stm32f4xx_it.c.obj
                0x08001c3a                HardFault_Handler
 .text.MemManage_Handler
                0x08001c3c        0x2 CMakeFiles/test.elf.dir/Core/Src/stm32f4xx_it.c.obj
                0x08001c3c                MemManage_Handler
 .text.BusFault_Handler
                0x08001c3e        0x2 CMakeFiles/test.elf.dir/Core/Src/stm32f4xx_it.c.obj
                0x08001c3e                BusFault_Handler
 .text.UsageFault_Handler
                0x08001c40        0x2 CMakeFiles/test.elf.dir/Core/Src/stm32f4xx_it.c.obj
                0x08001c40                UsageFault_Handler
 .text.DebugMon_Handler
                0x08001c42        0x2 CMakeFiles/test.elf.dir/Core/Src/stm32f4xx_it.c.obj
                0x08001c42                DebugMon_Handler
 .text.DMA1_Stream1_IRQHandler
                0x08001c44       0x10 CMakeFiles/test.elf.dir/Core/Src/stm32f4xx_it.c.obj
                0x08001c44                DMA1_Stream1_IRQHandler
 .text.DMA1_Stream3_IRQHandler
                0x08001c54       0x10 CMakeFiles/test.elf.dir/Core/Src/stm32f4xx_it.c.obj
                0x08001c54                DMA1_Stream3_IRQHandler
 .text.CAN1_TX_IRQHandler
                0x08001c64       0x10 CMakeFiles/test.elf.dir/Core/Src/stm32f4xx_it.c.obj
                0x08001c64                CAN1_TX_IRQHandler
 .text.CAN1_RX0_IRQHandler
                0x08001c74       0x10 CMakeFiles/test.elf.dir/Core/Src/stm32f4xx_it.c.obj
                0x08001c74                CAN1_RX0_IRQHandler
 .text.CAN1_RX1_IRQHandler
                0x08001c84       0x10 CMakeFiles/test.elf.dir/Core/Src/stm32f4xx_it.c.obj
                0x08001c84                CAN1_RX1_IRQHandler
 .text.TIM1_BRK_TIM9_IRQHandler
                0x08001c94       0x10 CMakeFiles/test.elf.dir/Core/Src/stm32f4xx_it.c.obj
                0x08001c94                TIM1_BRK_TIM9_IRQHandler
 .text.TIM1_UP_TIM10_IRQHandler
                0x08001ca4       0x10 CMakeFiles/test.elf.dir/Core/Src/stm32f4xx_it.c.obj
                0x08001ca4                TIM1_UP_TIM10_IRQHandler
 .text.TIM1_TRG_COM_TIM11_IRQHandler
                0x08001cb4       0x10 CMakeFiles/test.elf.dir/Core/Src/stm32f4xx_it.c.obj
                0x08001cb4                TIM1_TRG_COM_TIM11_IRQHandler
 .text.TIM1_CC_IRQHandler
                0x08001cc4       0x10 CMakeFiles/test.elf.dir/Core/Src/stm32f4xx_it.c.obj
                0x08001cc4                TIM1_CC_IRQHandler
 .text.USART1_IRQHandler
                0x08001cd4       0x24 CMakeFiles/test.elf.dir/Core/Src/stm32f4xx_it.c.obj
                0x08001cd4                USART1_IRQHandler
 .text.USART2_IRQHandler
                0x08001cf8       0x10 CMakeFiles/test.elf.dir/Core/Src/stm32f4xx_it.c.obj
                0x08001cf8                USART2_IRQHandler
 .text.USART3_IRQHandler
                0x08001d08       0x10 CMakeFiles/test.elf.dir/Core/Src/stm32f4xx_it.c.obj
                0x08001d08                USART3_IRQHandler
 .text.TIM6_DAC_IRQHandler
                0x08001d18       0x10 CMakeFiles/test.elf.dir/Core/Src/stm32f4xx_it.c.obj
                0x08001d18                TIM6_DAC_IRQHandler
 .text.DMA2_Stream2_IRQHandler
                0x08001d28       0x10 CMakeFiles/test.elf.dir/Core/Src/stm32f4xx_it.c.obj
                0x08001d28                DMA2_Stream2_IRQHandler
 .text.CAN2_TX_IRQHandler
                0x08001d38       0x10 CMakeFiles/test.elf.dir/Core/Src/stm32f4xx_it.c.obj
                0x08001d38                CAN2_TX_IRQHandler
 .text.CAN2_RX0_IRQHandler
                0x08001d48       0x10 CMakeFiles/test.elf.dir/Core/Src/stm32f4xx_it.c.obj
                0x08001d48                CAN2_RX0_IRQHandler
 .text.CAN2_RX1_IRQHandler
                0x08001d58       0x10 CMakeFiles/test.elf.dir/Core/Src/stm32f4xx_it.c.obj
                0x08001d58                CAN2_RX1_IRQHandler
 .text.DMA2_Stream7_IRQHandler
                0x08001d68       0x10 CMakeFiles/test.elf.dir/Core/Src/stm32f4xx_it.c.obj
                0x08001d68                DMA2_Stream7_IRQHandler
 .text._getpid  0x08001d78        0x4 CMakeFiles/test.elf.dir/Core/Src/syscalls.c.obj
                0x08001d78                _getpid
 .text._kill    0x08001d7c       0x10 CMakeFiles/test.elf.dir/Core/Src/syscalls.c.obj
                0x08001d7c                _kill
 .text._exit    0x08001d8c        0xc CMakeFiles/test.elf.dir/Core/Src/syscalls.c.obj
                0x08001d8c                _exit
 .text._read    0x08001d98       0x20 CMakeFiles/test.elf.dir/Core/Src/syscalls.c.obj
                0x08001d98                _read
 .text._write   0x08001db8       0x1c CMakeFiles/test.elf.dir/Core/Src/syscalls.c.obj
                0x08001db8                _write
 .text._close   0x08001dd4        0x6 CMakeFiles/test.elf.dir/Core/Src/syscalls.c.obj
                0x08001dd4                _close
 .text._fstat   0x08001dda        0xa CMakeFiles/test.elf.dir/Core/Src/syscalls.c.obj
                0x08001dda                _fstat
 .text._isatty  0x08001de4        0x4 CMakeFiles/test.elf.dir/Core/Src/syscalls.c.obj
                0x08001de4                _isatty
 .text._lseek   0x08001de8        0x4 CMakeFiles/test.elf.dir/Core/Src/syscalls.c.obj
                0x08001de8                _lseek
 .text._sbrk    0x08001dec       0x48 CMakeFiles/test.elf.dir/Core/Src/sysmem.c.obj
                0x08001dec                _sbrk
 .text.SystemInit
                0x08001e34       0x14 CMakeFiles/test.elf.dir/Core/Src/system_stm32f4xx.c.obj
                0x08001e34                SystemInit
 .text.MX_USART1_UART_Init
                0x08001e48       0x34 CMakeFiles/test.elf.dir/Core/Src/usart.c.obj
                0x08001e48                MX_USART1_UART_Init
 .text.MX_USART2_UART_Init
                0x08001e7c       0x34 CMakeFiles/test.elf.dir/Core/Src/usart.c.obj
                0x08001e7c                MX_USART2_UART_Init
 .text.MX_USART3_UART_Init
                0x08001eb0       0x34 CMakeFiles/test.elf.dir/Core/Src/usart.c.obj
                0x08001eb0                MX_USART3_UART_Init
 .text.HAL_UART_MspInit
                0x08001ee4      0x244 CMakeFiles/test.elf.dir/Core/Src/usart.c.obj
                0x08001ee4                HAL_UART_MspInit
 .text.MX_TIM1_Init
                0x08002128       0x70 CMakeFiles/test.elf.dir/Core/Src/tim.c.obj
                0x08002128                MX_TIM1_Init
 .text.HAL_TIM_Base_MspInit
                0x08002198       0x70 CMakeFiles/test.elf.dir/Core/Src/tim.c.obj
                0x08002198                HAL_TIM_Base_MspInit
 .text.DATA_Trans
                0x08002208       0x9c CMakeFiles/test.elf.dir/Core/Src/wheeltec_N100.c.obj
                0x08002208                DATA_Trans
 .text.timestamp
                0x080022a4       0x10 CMakeFiles/test.elf.dir/Core/Src/wheeltec_N100.c.obj
                0x080022a4                timestamp
 .text.TTL_Hex2Dec
                0x080022b4      0x1dc CMakeFiles/test.elf.dir/Core/Src/wheeltec_N100.c.obj
                0x080022b4                TTL_Hex2Dec
 .text.Reset_Handler
                0x08002490       0x50 CMakeFiles/test.elf.dir/Core/Startup/startup_stm32f407zgtx.s.obj
                0x08002490                Reset_Handler
 .text.Default_Handler
                0x080024e0        0x2 CMakeFiles/test.elf.dir/Core/Startup/startup_stm32f407zgtx.s.obj
                0x080024e0                RTC_Alarm_IRQHandler
                0x080024e0                HASH_RNG_IRQHandler
                0x080024e0                EXTI2_IRQHandler
                0x080024e0                TIM8_CC_IRQHandler
                0x080024e0                DMA2_Stream5_IRQHandler
                0x080024e0                DMA1_Stream5_IRQHandler
                0x080024e0                PVD_IRQHandler
                0x080024e0                SDIO_IRQHandler
                0x080024e0                TAMP_STAMP_IRQHandler
                0x080024e0                EXTI3_IRQHandler
                0x080024e0                TIM8_TRG_COM_TIM14_IRQHandler
                0x080024e0                TIM8_UP_TIM13_IRQHandler
                0x080024e0                I2C3_ER_IRQHandler
                0x080024e0                EXTI0_IRQHandler
                0x080024e0                I2C2_EV_IRQHandler
                0x080024e0                DMA1_Stream2_IRQHandler
                0x080024e0                FPU_IRQHandler
                0x080024e0                OTG_HS_WKUP_IRQHandler
                0x080024e0                CAN2_SCE_IRQHandler
                0x080024e0                SPI1_IRQHandler
                0x080024e0                DCMI_IRQHandler
                0x080024e0                DMA2_Stream3_IRQHandler
                0x080024e0                USART6_IRQHandler
                0x080024e0                UART5_IRQHandler
                0x080024e0                DMA2_Stream0_IRQHandler
                0x080024e0                TIM4_IRQHandler
                0x080024e0                I2C1_EV_IRQHandler
                0x080024e0                DMA1_Stream6_IRQHandler
                0x080024e0                UART4_IRQHandler
                0x080024e0                TIM3_IRQHandler
                0x080024e0                RCC_IRQHandler
                0x080024e0                TIM8_BRK_TIM12_IRQHandler
                0x080024e0                Default_Handler
                0x080024e0                EXTI15_10_IRQHandler
                0x080024e0                ADC_IRQHandler
                0x080024e0                DMA1_Stream7_IRQHandler
                0x080024e0                TIM7_IRQHandler
                0x080024e0                TIM5_IRQHandler
                0x080024e0                I2C3_EV_IRQHandler
                0x080024e0                EXTI9_5_IRQHandler
                0x080024e0                RTC_WKUP_IRQHandler
                0x080024e0                ETH_WKUP_IRQHandler
                0x080024e0                SPI2_IRQHandler
                0x080024e0                OTG_HS_EP1_IN_IRQHandler
                0x080024e0                DMA1_Stream0_IRQHandler
                0x080024e0                EXTI4_IRQHandler
                0x080024e0                FSMC_IRQHandler
                0x080024e0                ETH_IRQHandler
                0x080024e0                OTG_HS_EP1_OUT_IRQHandler
                0x080024e0                WWDG_IRQHandler
                0x080024e0                TIM2_IRQHandler
                0x080024e0                OTG_FS_WKUP_IRQHandler
                0x080024e0                OTG_HS_IRQHandler
                0x080024e0                EXTI1_IRQHandler
                0x080024e0                I2C2_ER_IRQHandler
                0x080024e0                DMA2_Stream1_IRQHandler
                0x080024e0                CAN1_SCE_IRQHandler
                0x080024e0                FLASH_IRQHandler
                0x080024e0                DMA2_Stream4_IRQHandler
                0x080024e0                OTG_FS_IRQHandler
                0x080024e0                SPI3_IRQHandler
                0x080024e0                DMA1_Stream4_IRQHandler
                0x080024e0                I2C1_ER_IRQHandler
                0x080024e0                DMA2_Stream6_IRQHandler
 .text.SysTick_Handler
                0x080024e2       0x18 CMakeFiles/test.elf.dir/Middlewares/Third_Party/FreeRTOS/Source/CMSIS_RTOS_V2/cmsis_os2.c.obj
                0x080024e2                SysTick_Handler
 *fill*         0x080024fa        0x2 
 .text.osKernelInitialize
                0x080024fc       0x24 CMakeFiles/test.elf.dir/Middlewares/Third_Party/FreeRTOS/Source/CMSIS_RTOS_V2/cmsis_os2.c.obj
                0x080024fc                osKernelInitialize
 .text.osKernelStart
                0x08002520       0x38 CMakeFiles/test.elf.dir/Middlewares/Third_Party/FreeRTOS/Source/CMSIS_RTOS_V2/cmsis_os2.c.obj
                0x08002520                osKernelStart
 .text.osKernelGetTickCount
                0x08002558       0x14 CMakeFiles/test.elf.dir/Middlewares/Third_Party/FreeRTOS/Source/CMSIS_RTOS_V2/cmsis_os2.c.obj
                0x08002558                osKernelGetTickCount
 .text.osThreadNew
                0x0800256c       0xbc CMakeFiles/test.elf.dir/Middlewares/Third_Party/FreeRTOS/Source/CMSIS_RTOS_V2/cmsis_os2.c.obj
                0x0800256c                osThreadNew
 .text.osDelay  0x08002628       0x1c CMakeFiles/test.elf.dir/Middlewares/Third_Party/FreeRTOS/Source/CMSIS_RTOS_V2/cmsis_os2.c.obj
                0x08002628                osDelay
 .text.osSemaphoreNew
                0x08002644       0xb2 CMakeFiles/test.elf.dir/Middlewares/Third_Party/FreeRTOS/Source/CMSIS_RTOS_V2/cmsis_os2.c.obj
                0x08002644                osSemaphoreNew
 .text.osSemaphoreAcquire
                0x080026f6       0x68 CMakeFiles/test.elf.dir/Middlewares/Third_Party/FreeRTOS/Source/CMSIS_RTOS_V2/cmsis_os2.c.obj
                0x080026f6                osSemaphoreAcquire
 .text.osSemaphoreRelease
                0x0800275e       0x5e CMakeFiles/test.elf.dir/Middlewares/Third_Party/FreeRTOS/Source/CMSIS_RTOS_V2/cmsis_os2.c.obj
                0x0800275e                osSemaphoreRelease
 .text.osMessageQueueNew
                0x080027bc       0x96 CMakeFiles/test.elf.dir/Middlewares/Third_Party/FreeRTOS/Source/CMSIS_RTOS_V2/cmsis_os2.c.obj
                0x080027bc                osMessageQueueNew
 .text.osMessageQueuePut
                0x08002852       0x84 CMakeFiles/test.elf.dir/Middlewares/Third_Party/FreeRTOS/Source/CMSIS_RTOS_V2/cmsis_os2.c.obj
                0x08002852                osMessageQueuePut
 .text.osMessageQueueGet
                0x080028d6       0x82 CMakeFiles/test.elf.dir/Middlewares/Third_Party/FreeRTOS/Source/CMSIS_RTOS_V2/cmsis_os2.c.obj
                0x080028d6                osMessageQueueGet
 .text.vApplicationGetIdleTaskMemory
                0x08002958       0x18 CMakeFiles/test.elf.dir/Middlewares/Third_Party/FreeRTOS/Source/CMSIS_RTOS_V2/cmsis_os2.c.obj
                0x08002958                vApplicationGetIdleTaskMemory
 .text.vApplicationGetTimerTaskMemory
                0x08002970       0x18 CMakeFiles/test.elf.dir/Middlewares/Third_Party/FreeRTOS/Source/CMSIS_RTOS_V2/cmsis_os2.c.obj
                0x08002970                vApplicationGetTimerTaskMemory
 .text.vListInitialise
                0x08002988       0x16 CMakeFiles/test.elf.dir/Middlewares/Third_Party/FreeRTOS/Source/list.c.obj
                0x08002988                vListInitialise
 .text.vListInitialiseItem
                0x0800299e        0x6 CMakeFiles/test.elf.dir/Middlewares/Third_Party/FreeRTOS/Source/list.c.obj
                0x0800299e                vListInitialiseItem
 .text.vListInsertEnd
                0x080029a4       0x16 CMakeFiles/test.elf.dir/Middlewares/Third_Party/FreeRTOS/Source/list.c.obj
                0x080029a4                vListInsertEnd
 .text.vListInsert
                0x080029ba       0x32 CMakeFiles/test.elf.dir/Middlewares/Third_Party/FreeRTOS/Source/list.c.obj
                0x080029ba                vListInsert
 .text.uxListRemove
                0x080029ec       0x26 CMakeFiles/test.elf.dir/Middlewares/Third_Party/FreeRTOS/Source/list.c.obj
                0x080029ec                uxListRemove
 *fill*         0x08002a12        0x2 
 .text.prvTaskExitError
                0x08002a14       0x40 CMakeFiles/test.elf.dir/Middlewares/Third_Party/FreeRTOS/Source/portable/GCC/ARM_CM4F/port.c.obj
 .text.prvPortStartFirstTask
                0x08002a54       0x28 CMakeFiles/test.elf.dir/Middlewares/Third_Party/FreeRTOS/Source/portable/GCC/ARM_CM4F/port.c.obj
 .text.vPortEnableVFP
                0x08002a7c       0x14 CMakeFiles/test.elf.dir/Middlewares/Third_Party/FreeRTOS/Source/portable/GCC/ARM_CM4F/port.c.obj
 .text.pxPortInitialiseStack
                0x08002a90       0x2c CMakeFiles/test.elf.dir/Middlewares/Third_Party/FreeRTOS/Source/portable/GCC/ARM_CM4F/port.c.obj
                0x08002a90                pxPortInitialiseStack
 *fill*         0x08002abc        0x4 
 .text.SVC_Handler
                0x08002ac0       0x24 CMakeFiles/test.elf.dir/Middlewares/Third_Party/FreeRTOS/Source/portable/GCC/ARM_CM4F/port.c.obj
                0x08002ac0                SVC_Handler
 .text.vPortEnterCritical
                0x08002ae4       0x44 CMakeFiles/test.elf.dir/Middlewares/Third_Party/FreeRTOS/Source/portable/GCC/ARM_CM4F/port.c.obj
                0x08002ae4                vPortEnterCritical
 .text.vPortExitCritical
                0x08002b28       0x2c CMakeFiles/test.elf.dir/Middlewares/Third_Party/FreeRTOS/Source/portable/GCC/ARM_CM4F/port.c.obj
                0x08002b28                vPortExitCritical
 *fill*         0x08002b54        0xc 
 .text.PendSV_Handler
                0x08002b60       0x64 CMakeFiles/test.elf.dir/Middlewares/Third_Party/FreeRTOS/Source/portable/GCC/ARM_CM4F/port.c.obj
                0x08002b60                PendSV_Handler
 .text.xPortSysTickHandler
                0x08002bc4       0x2c CMakeFiles/test.elf.dir/Middlewares/Third_Party/FreeRTOS/Source/portable/GCC/ARM_CM4F/port.c.obj
                0x08002bc4                xPortSysTickHandler
 .text.vPortSetupTimerInterrupt
                0x08002bf0       0x28 CMakeFiles/test.elf.dir/Middlewares/Third_Party/FreeRTOS/Source/portable/GCC/ARM_CM4F/port.c.obj
                0x08002bf0                vPortSetupTimerInterrupt
 .text.xPortStartScheduler
                0x08002c18      0x118 CMakeFiles/test.elf.dir/Middlewares/Third_Party/FreeRTOS/Source/portable/GCC/ARM_CM4F/port.c.obj
                0x08002c18                xPortStartScheduler
 .text.vPortValidateInterruptPriority
                0x08002d30       0x5c CMakeFiles/test.elf.dir/Middlewares/Third_Party/FreeRTOS/Source/portable/GCC/ARM_CM4F/port.c.obj
                0x08002d30                vPortValidateInterruptPriority
 .text.prvHeapInit
                0x08002d8c       0x64 CMakeFiles/test.elf.dir/Middlewares/Third_Party/FreeRTOS/Source/portable/MemMang/heap_4.c.obj
 .text.prvInsertBlockIntoFreeList
                0x08002df0       0x64 CMakeFiles/test.elf.dir/Middlewares/Third_Party/FreeRTOS/Source/portable/MemMang/heap_4.c.obj
 .text.pvPortMalloc
                0x08002e54      0x104 CMakeFiles/test.elf.dir/Middlewares/Third_Party/FreeRTOS/Source/portable/MemMang/heap_4.c.obj
                0x08002e54                pvPortMalloc
 .text.vPortFree
                0x08002f58       0x7c CMakeFiles/test.elf.dir/Middlewares/Third_Party/FreeRTOS/Source/portable/MemMang/heap_4.c.obj
                0x08002f58                vPortFree
 .text.xPortGetFreeHeapSize
                0x08002fd4        0xc CMakeFiles/test.elf.dir/Middlewares/Third_Party/FreeRTOS/Source/portable/MemMang/heap_4.c.obj
                0x08002fd4                xPortGetFreeHeapSize
 .text.prvGetDisinheritPriorityAfterTimeout
                0x08002fe0       0x10 CMakeFiles/test.elf.dir/Middlewares/Third_Party/FreeRTOS/Source/queue.c.obj
 .text.prvIsQueueFull
                0x08002ff0       0x1e CMakeFiles/test.elf.dir/Middlewares/Third_Party/FreeRTOS/Source/queue.c.obj
 .text.prvIsQueueEmpty
                0x0800300e       0x1a CMakeFiles/test.elf.dir/Middlewares/Third_Party/FreeRTOS/Source/queue.c.obj
 .text.prvCopyDataToQueue
                0x08003028       0x76 CMakeFiles/test.elf.dir/Middlewares/Third_Party/FreeRTOS/Source/queue.c.obj
 .text.prvCopyDataFromQueue
                0x0800309e       0x24 CMakeFiles/test.elf.dir/Middlewares/Third_Party/FreeRTOS/Source/queue.c.obj
 .text.prvUnlockQueue
                0x080030c2       0x6e CMakeFiles/test.elf.dir/Middlewares/Third_Party/FreeRTOS/Source/queue.c.obj
 .text.xQueueGenericReset
                0x08003130       0x84 CMakeFiles/test.elf.dir/Middlewares/Third_Party/FreeRTOS/Source/queue.c.obj
                0x08003130                xQueueGenericReset
 .text.prvInitialiseNewQueue
                0x080031b4       0x22 CMakeFiles/test.elf.dir/Middlewares/Third_Party/FreeRTOS/Source/queue.c.obj
 .text.xQueueGenericCreateStatic
                0x080031d6       0x94 CMakeFiles/test.elf.dir/Middlewares/Third_Party/FreeRTOS/Source/queue.c.obj
                0x080031d6                xQueueGenericCreateStatic
 .text.xQueueGenericCreate
                0x0800326a       0x48 CMakeFiles/test.elf.dir/Middlewares/Third_Party/FreeRTOS/Source/queue.c.obj
                0x0800326a                xQueueGenericCreate
 .text.xQueueCreateCountingSemaphoreStatic
                0x080032b2       0x46 CMakeFiles/test.elf.dir/Middlewares/Third_Party/FreeRTOS/Source/queue.c.obj
                0x080032b2                xQueueCreateCountingSemaphoreStatic
 .text.xQueueCreateCountingSemaphore
                0x080032f8       0x3c CMakeFiles/test.elf.dir/Middlewares/Third_Party/FreeRTOS/Source/queue.c.obj
                0x080032f8                xQueueCreateCountingSemaphore
 .text.xQueueGenericSend
                0x08003334      0x188 CMakeFiles/test.elf.dir/Middlewares/Third_Party/FreeRTOS/Source/queue.c.obj
                0x08003334                xQueueGenericSend
 .text.xQueueGenericSendFromISR
                0x080034bc       0xce CMakeFiles/test.elf.dir/Middlewares/Third_Party/FreeRTOS/Source/queue.c.obj
                0x080034bc                xQueueGenericSendFromISR
 .text.xQueueGiveFromISR
                0x0800358a       0xb2 CMakeFiles/test.elf.dir/Middlewares/Third_Party/FreeRTOS/Source/queue.c.obj
                0x0800358a                xQueueGiveFromISR
 .text.xQueueReceive
                0x0800363c      0x15e CMakeFiles/test.elf.dir/Middlewares/Third_Party/FreeRTOS/Source/queue.c.obj
                0x0800363c                xQueueReceive
 .text.xQueueSemaphoreTake
                0x0800379a      0x1a6 CMakeFiles/test.elf.dir/Middlewares/Third_Party/FreeRTOS/Source/queue.c.obj
                0x0800379a                xQueueSemaphoreTake
 .text.xQueueReceiveFromISR
                0x08003940       0xae CMakeFiles/test.elf.dir/Middlewares/Third_Party/FreeRTOS/Source/queue.c.obj
                0x08003940                xQueueReceiveFromISR
 *fill*         0x080039ee        0x2 
 .text.vQueueAddToRegistry
                0x080039f0       0x28 CMakeFiles/test.elf.dir/Middlewares/Third_Party/FreeRTOS/Source/queue.c.obj
                0x080039f0                vQueueAddToRegistry
 .text.vQueueUnregisterQueue
                0x08003a18       0x2c CMakeFiles/test.elf.dir/Middlewares/Third_Party/FreeRTOS/Source/queue.c.obj
                0x08003a18                vQueueUnregisterQueue
 .text.vQueueDelete
                0x08003a44       0x2c CMakeFiles/test.elf.dir/Middlewares/Third_Party/FreeRTOS/Source/queue.c.obj
                0x08003a44                vQueueDelete
 .text.vQueueWaitForMessageRestricted
                0x08003a70       0x52 CMakeFiles/test.elf.dir/Middlewares/Third_Party/FreeRTOS/Source/queue.c.obj
                0x08003a70                vQueueWaitForMessageRestricted
 .text.prvTaskCheckFreeStackSpace
                0x08003ac2       0x14 CMakeFiles/test.elf.dir/Middlewares/Third_Party/FreeRTOS/Source/tasks.c.obj
 *fill*         0x08003ad6        0x2 
 .text.prvResetNextTaskUnblockTime
                0x08003ad8       0x2c CMakeFiles/test.elf.dir/Middlewares/Third_Party/FreeRTOS/Source/tasks.c.obj
 .text.prvInitialiseNewTask
                0x08003b04       0xa2 CMakeFiles/test.elf.dir/Middlewares/Third_Party/FreeRTOS/Source/tasks.c.obj
 *fill*         0x08003ba6        0x2 
 .text.prvInitialiseTaskLists
                0x08003ba8       0x68 CMakeFiles/test.elf.dir/Middlewares/Third_Party/FreeRTOS/Source/tasks.c.obj
 .text.prvAddNewTaskToReadyList
                0x08003c10       0xac CMakeFiles/test.elf.dir/Middlewares/Third_Party/FreeRTOS/Source/tasks.c.obj
 .text.prvDeleteTCB
                0x08003cbc       0x38 CMakeFiles/test.elf.dir/Middlewares/Third_Party/FreeRTOS/Source/tasks.c.obj
 .text.prvCheckTasksWaitingTermination
                0x08003cf4       0x4c CMakeFiles/test.elf.dir/Middlewares/Third_Party/FreeRTOS/Source/tasks.c.obj
 .text.prvIdleTask
                0x08003d40       0x28 CMakeFiles/test.elf.dir/Middlewares/Third_Party/FreeRTOS/Source/tasks.c.obj
 .text.prvAddCurrentTaskToDelayedList
                0x08003d68       0x7c CMakeFiles/test.elf.dir/Middlewares/Third_Party/FreeRTOS/Source/tasks.c.obj
 .text.prvWriteNameToBuffer
                0x08003de4       0x22 CMakeFiles/test.elf.dir/Middlewares/Third_Party/FreeRTOS/Source/tasks.c.obj
 .text.xTaskCreateStatic
                0x08003e06       0x76 CMakeFiles/test.elf.dir/Middlewares/Third_Party/FreeRTOS/Source/tasks.c.obj
                0x08003e06                xTaskCreateStatic
 .text.xTaskCreate
                0x08003e7c       0x64 CMakeFiles/test.elf.dir/Middlewares/Third_Party/FreeRTOS/Source/tasks.c.obj
                0x08003e7c                xTaskCreate
 .text.eTaskGetState
                0x08003ee0       0x90 CMakeFiles/test.elf.dir/Middlewares/Third_Party/FreeRTOS/Source/tasks.c.obj
                0x08003ee0                eTaskGetState
 .text.vTaskStartScheduler
                0x08003f70       0x98 CMakeFiles/test.elf.dir/Middlewares/Third_Party/FreeRTOS/Source/tasks.c.obj
                0x08003f70                vTaskStartScheduler
 .text.vTaskSuspendAll
                0x08004008       0x10 CMakeFiles/test.elf.dir/Middlewares/Third_Party/FreeRTOS/Source/tasks.c.obj
                0x08004008                vTaskSuspendAll
 .text.xTaskGetTickCount
                0x08004018        0xc CMakeFiles/test.elf.dir/Middlewares/Third_Party/FreeRTOS/Source/tasks.c.obj
                0x08004018                xTaskGetTickCount
 .text.xTaskGetTickCountFromISR
                0x08004024       0x10 CMakeFiles/test.elf.dir/Middlewares/Third_Party/FreeRTOS/Source/tasks.c.obj
                0x08004024                xTaskGetTickCountFromISR
 .text.xTaskIncrementTick
                0x08004034      0x118 CMakeFiles/test.elf.dir/Middlewares/Third_Party/FreeRTOS/Source/tasks.c.obj
                0x08004034                xTaskIncrementTick
 .text.xTaskResumeAll
                0x0800414c       0xf8 CMakeFiles/test.elf.dir/Middlewares/Third_Party/FreeRTOS/Source/tasks.c.obj
                0x0800414c                xTaskResumeAll
 .text.vTaskDelay
                0x08004244       0x4c CMakeFiles/test.elf.dir/Middlewares/Third_Party/FreeRTOS/Source/tasks.c.obj
                0x08004244                vTaskDelay
 .text.vTaskSwitchContext
                0x08004290       0x98 CMakeFiles/test.elf.dir/Middlewares/Third_Party/FreeRTOS/Source/tasks.c.obj
                0x08004290                vTaskSwitchContext
 .text.vTaskPlaceOnEventList
                0x08004328       0x30 CMakeFiles/test.elf.dir/Middlewares/Third_Party/FreeRTOS/Source/tasks.c.obj
                0x08004328                vTaskPlaceOnEventList
 .text.vTaskPlaceOnEventListRestricted
                0x08004358       0x38 CMakeFiles/test.elf.dir/Middlewares/Third_Party/FreeRTOS/Source/tasks.c.obj
                0x08004358                vTaskPlaceOnEventListRestricted
 .text.xTaskRemoveFromEventList
                0x08004390       0x8c CMakeFiles/test.elf.dir/Middlewares/Third_Party/FreeRTOS/Source/tasks.c.obj
                0x08004390                xTaskRemoveFromEventList
 .text.vTaskInternalSetTimeOutState
                0x0800441c       0x18 CMakeFiles/test.elf.dir/Middlewares/Third_Party/FreeRTOS/Source/tasks.c.obj
                0x0800441c                vTaskInternalSetTimeOutState
 .text.xTaskCheckForTimeOut
                0x08004434       0x84 CMakeFiles/test.elf.dir/Middlewares/Third_Party/FreeRTOS/Source/tasks.c.obj
                0x08004434                xTaskCheckForTimeOut
 .text.vTaskMissedYield
                0x080044b8        0xc CMakeFiles/test.elf.dir/Middlewares/Third_Party/FreeRTOS/Source/tasks.c.obj
                0x080044b8                vTaskMissedYield
 .text.vTaskGetInfo
                0x080044c4       0x78 CMakeFiles/test.elf.dir/Middlewares/Third_Party/FreeRTOS/Source/tasks.c.obj
                0x080044c4                vTaskGetInfo
 .text.prvListTasksWithinSingleList
                0x0800453c       0x5e CMakeFiles/test.elf.dir/Middlewares/Third_Party/FreeRTOS/Source/tasks.c.obj
 *fill*         0x0800459a        0x2 
 .text.uxTaskGetSystemState
                0x0800459c       0xb0 CMakeFiles/test.elf.dir/Middlewares/Third_Party/FreeRTOS/Source/tasks.c.obj
                0x0800459c                uxTaskGetSystemState
 .text.xTaskGetSchedulerState
                0x0800464c       0x20 CMakeFiles/test.elf.dir/Middlewares/Third_Party/FreeRTOS/Source/tasks.c.obj
                0x0800464c                xTaskGetSchedulerState
 .text.xTaskPriorityInherit
                0x0800466c       0x98 CMakeFiles/test.elf.dir/Middlewares/Third_Party/FreeRTOS/Source/tasks.c.obj
                0x0800466c                xTaskPriorityInherit
 .text.xTaskPriorityDisinherit
                0x08004704       0x90 CMakeFiles/test.elf.dir/Middlewares/Third_Party/FreeRTOS/Source/tasks.c.obj
                0x08004704                xTaskPriorityDisinherit
 .text.vTaskPriorityDisinheritAfterTimeout
                0x08004794       0xa0 CMakeFiles/test.elf.dir/Middlewares/Third_Party/FreeRTOS/Source/tasks.c.obj
                0x08004794                vTaskPriorityDisinheritAfterTimeout
 .text.vTaskList
                0x08004834       0xbc CMakeFiles/test.elf.dir/Middlewares/Third_Party/FreeRTOS/Source/tasks.c.obj
                0x08004834                vTaskList
 .text.pvTaskIncrementMutexHeldCount
                0x080048f0       0x1c CMakeFiles/test.elf.dir/Middlewares/Third_Party/FreeRTOS/Source/tasks.c.obj
                0x080048f0                pvTaskIncrementMutexHeldCount
 .text.prvGetNextExpireTime
                0x0800490c       0x20 CMakeFiles/test.elf.dir/Middlewares/Third_Party/FreeRTOS/Source/timers.c.obj
 .text.prvInsertTimerInActiveList
                0x0800492c       0x48 CMakeFiles/test.elf.dir/Middlewares/Third_Party/FreeRTOS/Source/timers.c.obj
 .text.prvCheckForValidListAndQueue
                0x08004974       0x70 CMakeFiles/test.elf.dir/Middlewares/Third_Party/FreeRTOS/Source/timers.c.obj
 .text.xTimerCreateTimerTask
                0x080049e4       0x64 CMakeFiles/test.elf.dir/Middlewares/Third_Party/FreeRTOS/Source/timers.c.obj
                0x080049e4                xTimerCreateTimerTask
 .text.xTimerGenericCommand
                0x08004a48       0x6c CMakeFiles/test.elf.dir/Middlewares/Third_Party/FreeRTOS/Source/timers.c.obj
                0x08004a48                xTimerGenericCommand
 .text.prvSwitchTimerLists
                0x08004ab4       0x7c CMakeFiles/test.elf.dir/Middlewares/Third_Party/FreeRTOS/Source/timers.c.obj
 .text.prvSampleTimeNow
                0x08004b30       0x2c CMakeFiles/test.elf.dir/Middlewares/Third_Party/FreeRTOS/Source/timers.c.obj
 .text.prvProcessExpiredTimer
                0x08004b5c       0x6c CMakeFiles/test.elf.dir/Middlewares/Third_Party/FreeRTOS/Source/timers.c.obj
 .text.prvProcessTimerOrBlockTask
                0x08004bc8       0x74 CMakeFiles/test.elf.dir/Middlewares/Third_Party/FreeRTOS/Source/timers.c.obj
 .text.prvProcessReceivedCommands
                0x08004c3c      0x10c CMakeFiles/test.elf.dir/Middlewares/Third_Party/FreeRTOS/Source/timers.c.obj
 .text.prvTimerTask
                0x08004d48       0x16 CMakeFiles/test.elf.dir/Middlewares/Third_Party/FreeRTOS/Source/timers.c.obj
 *fill*         0x08004d5e        0x2 
 .text.HAL_Init
                0x08004d60       0x34 CMakeFiles/test.elf.dir/Drivers/STM32F4xx_HAL_Driver/Src/stm32f4xx_hal.c.obj
                0x08004d60                HAL_Init
 .text.HAL_IncTick
                0x08004d94       0x18 CMakeFiles/test.elf.dir/Drivers/STM32F4xx_HAL_Driver/Src/stm32f4xx_hal.c.obj
                0x08004d94                HAL_IncTick
 .text.HAL_GetTick
                0x08004dac        0xc CMakeFiles/test.elf.dir/Drivers/STM32F4xx_HAL_Driver/Src/stm32f4xx_hal.c.obj
                0x08004dac                HAL_GetTick
 .text.HAL_CAN_Init
                0x08004db8      0x14c CMakeFiles/test.elf.dir/Drivers/STM32F4xx_HAL_Driver/Src/stm32f4xx_hal_can.c.obj
                0x08004db8                HAL_CAN_Init
 .text.HAL_CAN_ConfigFilter
                0x08004f04      0x138 CMakeFiles/test.elf.dir/Drivers/STM32F4xx_HAL_Driver/Src/stm32f4xx_hal_can.c.obj
                0x08004f04                HAL_CAN_ConfigFilter
 .text.HAL_CAN_Start
                0x0800503c       0x5c CMakeFiles/test.elf.dir/Drivers/STM32F4xx_HAL_Driver/Src/stm32f4xx_hal_can.c.obj
                0x0800503c                HAL_CAN_Start
 .text.HAL_CAN_AddTxMessage
                0x08005098       0xfc CMakeFiles/test.elf.dir/Drivers/STM32F4xx_HAL_Driver/Src/stm32f4xx_hal_can.c.obj
                0x08005098                HAL_CAN_AddTxMessage
 .text.HAL_CAN_GetTxMailboxesFreeLevel
                0x08005194       0x32 CMakeFiles/test.elf.dir/Drivers/STM32F4xx_HAL_Driver/Src/stm32f4xx_hal_can.c.obj
                0x08005194                HAL_CAN_GetTxMailboxesFreeLevel
 .text.HAL_CAN_GetRxMessage
                0x080051c6      0x14a CMakeFiles/test.elf.dir/Drivers/STM32F4xx_HAL_Driver/Src/stm32f4xx_hal_can.c.obj
                0x080051c6                HAL_CAN_GetRxMessage
 .text.HAL_CAN_ActivateNotification
                0x08005310       0x24 CMakeFiles/test.elf.dir/Drivers/STM32F4xx_HAL_Driver/Src/stm32f4xx_hal_can.c.obj
                0x08005310                HAL_CAN_ActivateNotification
 .text.HAL_CAN_TxMailbox0AbortCallback
                0x08005334        0x2 CMakeFiles/test.elf.dir/Drivers/STM32F4xx_HAL_Driver/Src/stm32f4xx_hal_can.c.obj
                0x08005334                HAL_CAN_TxMailbox0AbortCallback
 .text.HAL_CAN_TxMailbox1AbortCallback
                0x08005336        0x2 CMakeFiles/test.elf.dir/Drivers/STM32F4xx_HAL_Driver/Src/stm32f4xx_hal_can.c.obj
                0x08005336                HAL_CAN_TxMailbox1AbortCallback
 .text.HAL_CAN_TxMailbox2AbortCallback
                0x08005338        0x2 CMakeFiles/test.elf.dir/Drivers/STM32F4xx_HAL_Driver/Src/stm32f4xx_hal_can.c.obj
                0x08005338                HAL_CAN_TxMailbox2AbortCallback
 .text.HAL_CAN_SleepCallback
                0x0800533a        0x2 CMakeFiles/test.elf.dir/Drivers/STM32F4xx_HAL_Driver/Src/stm32f4xx_hal_can.c.obj
                0x0800533a                HAL_CAN_SleepCallback
 .text.HAL_CAN_WakeUpFromRxMsgCallback
                0x0800533c        0x2 CMakeFiles/test.elf.dir/Drivers/STM32F4xx_HAL_Driver/Src/stm32f4xx_hal_can.c.obj
                0x0800533c                HAL_CAN_WakeUpFromRxMsgCallback
 .text.HAL_CAN_IRQHandler
                0x0800533e      0x24a CMakeFiles/test.elf.dir/Drivers/STM32F4xx_HAL_Driver/Src/stm32f4xx_hal_can.c.obj
                0x0800533e                HAL_CAN_IRQHandler
 .text.__NVIC_SetPriority
                0x08005588       0x28 CMakeFiles/test.elf.dir/Drivers/STM32F4xx_HAL_Driver/Src/stm32f4xx_hal_cortex.c.obj
 .text.NVIC_EncodePriority
                0x080055b0       0x3e CMakeFiles/test.elf.dir/Drivers/STM32F4xx_HAL_Driver/Src/stm32f4xx_hal_cortex.c.obj
 *fill*         0x080055ee        0x2 
 .text.HAL_NVIC_SetPriorityGrouping
                0x080055f0       0x24 CMakeFiles/test.elf.dir/Drivers/STM32F4xx_HAL_Driver/Src/stm32f4xx_hal_cortex.c.obj
                0x080055f0                HAL_NVIC_SetPriorityGrouping
 .text.HAL_NVIC_SetPriority
                0x08005614       0x20 CMakeFiles/test.elf.dir/Drivers/STM32F4xx_HAL_Driver/Src/stm32f4xx_hal_cortex.c.obj
                0x08005614                HAL_NVIC_SetPriority
 .text.HAL_NVIC_EnableIRQ
                0x08005634       0x1c CMakeFiles/test.elf.dir/Drivers/STM32F4xx_HAL_Driver/Src/stm32f4xx_hal_cortex.c.obj
                0x08005634                HAL_NVIC_EnableIRQ
 .text.DMA_SetConfig
                0x08005650       0x2c CMakeFiles/test.elf.dir/Drivers/STM32F4xx_HAL_Driver/Src/stm32f4xx_hal_dma.c.obj
 .text.DMA_CalcBaseAndBitshift
                0x0800567c       0x44 CMakeFiles/test.elf.dir/Drivers/STM32F4xx_HAL_Driver/Src/stm32f4xx_hal_dma.c.obj
 .text.DMA_CheckFifoParam
                0x080056c0       0x8e CMakeFiles/test.elf.dir/Drivers/STM32F4xx_HAL_Driver/Src/stm32f4xx_hal_dma.c.obj
 *fill*         0x0800574e        0x2 
 .text.HAL_DMA_Init
                0x08005750       0xcc CMakeFiles/test.elf.dir/Drivers/STM32F4xx_HAL_Driver/Src/stm32f4xx_hal_dma.c.obj
                0x08005750                HAL_DMA_Init
 .text.HAL_DMA_Start_IT
                0x0800581c       0x6a CMakeFiles/test.elf.dir/Drivers/STM32F4xx_HAL_Driver/Src/stm32f4xx_hal_dma.c.obj
                0x0800581c                HAL_DMA_Start_IT
 .text.HAL_DMA_Abort
                0x08005886       0x94 CMakeFiles/test.elf.dir/Drivers/STM32F4xx_HAL_Driver/Src/stm32f4xx_hal_dma.c.obj
                0x08005886                HAL_DMA_Abort
 .text.HAL_DMA_Abort_IT
                0x0800591a       0x26 CMakeFiles/test.elf.dir/Drivers/STM32F4xx_HAL_Driver/Src/stm32f4xx_hal_dma.c.obj
                0x0800591a                HAL_DMA_Abort_IT
 .text.HAL_DMA_IRQHandler
                0x08005940      0x1dc CMakeFiles/test.elf.dir/Drivers/STM32F4xx_HAL_Driver/Src/stm32f4xx_hal_dma.c.obj
                0x08005940                HAL_DMA_IRQHandler
 .text.HAL_DMA_GetState
                0x08005b1c        0x6 CMakeFiles/test.elf.dir/Drivers/STM32F4xx_HAL_Driver/Src/stm32f4xx_hal_dma.c.obj
                0x08005b1c                HAL_DMA_GetState
 *fill*         0x08005b22        0x2 
 .text.HAL_GPIO_Init
                0x08005b24      0x1ec CMakeFiles/test.elf.dir/Drivers/STM32F4xx_HAL_Driver/Src/stm32f4xx_hal_gpio.c.obj
                0x08005b24                HAL_GPIO_Init
 .text.HAL_GPIO_WritePin
                0x08005d10        0xc CMakeFiles/test.elf.dir/Drivers/STM32F4xx_HAL_Driver/Src/stm32f4xx_hal_gpio.c.obj
                0x08005d10                HAL_GPIO_WritePin
 .text.HAL_GPIO_TogglePin
                0x08005d1c       0x12 CMakeFiles/test.elf.dir/Drivers/STM32F4xx_HAL_Driver/Src/stm32f4xx_hal_gpio.c.obj
                0x08005d1c                HAL_GPIO_TogglePin
 *fill*         0x08005d2e        0x2 
 .text.HAL_RCC_OscConfig
                0x08005d30      0x3f8 CMakeFiles/test.elf.dir/Drivers/STM32F4xx_HAL_Driver/Src/stm32f4xx_hal_rcc.c.obj
                0x08005d30                HAL_RCC_OscConfig
 .text.HAL_RCC_GetSysClockFreq
                0x08006128       0xdc CMakeFiles/test.elf.dir/Drivers/STM32F4xx_HAL_Driver/Src/stm32f4xx_hal_rcc.c.obj
                0x08006128                HAL_RCC_GetSysClockFreq
 .text.HAL_RCC_ClockConfig
                0x08006204      0x160 CMakeFiles/test.elf.dir/Drivers/STM32F4xx_HAL_Driver/Src/stm32f4xx_hal_rcc.c.obj
                0x08006204                HAL_RCC_ClockConfig
 .text.HAL_RCC_GetHCLKFreq
                0x08006364        0xc CMakeFiles/test.elf.dir/Drivers/STM32F4xx_HAL_Driver/Src/stm32f4xx_hal_rcc.c.obj
                0x08006364                HAL_RCC_GetHCLKFreq
 .text.HAL_RCC_GetPCLK1Freq
                0x08006370       0x20 CMakeFiles/test.elf.dir/Drivers/STM32F4xx_HAL_Driver/Src/stm32f4xx_hal_rcc.c.obj
                0x08006370                HAL_RCC_GetPCLK1Freq
 .text.HAL_RCC_GetPCLK2Freq
                0x08006390       0x20 CMakeFiles/test.elf.dir/Drivers/STM32F4xx_HAL_Driver/Src/stm32f4xx_hal_rcc.c.obj
                0x08006390                HAL_RCC_GetPCLK2Freq
 .text.HAL_RCC_GetClockConfig
                0x080063b0       0x3c CMakeFiles/test.elf.dir/Drivers/STM32F4xx_HAL_Driver/Src/stm32f4xx_hal_rcc.c.obj
                0x080063b0                HAL_RCC_GetClockConfig
 .text.TIM_TI1_ConfigInputStage
                0x080063ec       0x26 CMakeFiles/test.elf.dir/Drivers/STM32F4xx_HAL_Driver/Src/stm32f4xx_hal_tim.c.obj
 .text.TIM_TI2_ConfigInputStage
                0x08006412       0x28 CMakeFiles/test.elf.dir/Drivers/STM32F4xx_HAL_Driver/Src/stm32f4xx_hal_tim.c.obj
 .text.TIM_ITRx_SetConfig
                0x0800643a       0x10 CMakeFiles/test.elf.dir/Drivers/STM32F4xx_HAL_Driver/Src/stm32f4xx_hal_tim.c.obj
 *fill*         0x0800644a        0x2 
 .text.HAL_TIM_Base_Start_IT
                0x0800644c       0x88 CMakeFiles/test.elf.dir/Drivers/STM32F4xx_HAL_Driver/Src/stm32f4xx_hal_tim.c.obj
                0x0800644c                HAL_TIM_Base_Start_IT
 .text.HAL_TIM_OC_DelayElapsedCallback
                0x080064d4        0x2 CMakeFiles/test.elf.dir/Drivers/STM32F4xx_HAL_Driver/Src/stm32f4xx_hal_tim.c.obj
                0x080064d4                HAL_TIM_OC_DelayElapsedCallback
 .text.HAL_TIM_IC_CaptureCallback
                0x080064d6        0x2 CMakeFiles/test.elf.dir/Drivers/STM32F4xx_HAL_Driver/Src/stm32f4xx_hal_tim.c.obj
                0x080064d6                HAL_TIM_IC_CaptureCallback
 .text.HAL_TIM_PWM_PulseFinishedCallback
                0x080064d8        0x2 CMakeFiles/test.elf.dir/Drivers/STM32F4xx_HAL_Driver/Src/stm32f4xx_hal_tim.c.obj
                0x080064d8                HAL_TIM_PWM_PulseFinishedCallback
 .text.HAL_TIM_TriggerCallback
                0x080064da        0x2 CMakeFiles/test.elf.dir/Drivers/STM32F4xx_HAL_Driver/Src/stm32f4xx_hal_tim.c.obj
                0x080064da                HAL_TIM_TriggerCallback
 .text.HAL_TIM_IRQHandler
                0x080064dc      0x17a CMakeFiles/test.elf.dir/Drivers/STM32F4xx_HAL_Driver/Src/stm32f4xx_hal_tim.c.obj
                0x080064dc                HAL_TIM_IRQHandler
 *fill*         0x08006656        0x2 
 .text.TIM_Base_SetConfig
                0x08006658       0xc8 CMakeFiles/test.elf.dir/Drivers/STM32F4xx_HAL_Driver/Src/stm32f4xx_hal_tim.c.obj
                0x08006658                TIM_Base_SetConfig
 .text.HAL_TIM_Base_Init
                0x08006720       0x58 CMakeFiles/test.elf.dir/Drivers/STM32F4xx_HAL_Driver/Src/stm32f4xx_hal_tim.c.obj
                0x08006720                HAL_TIM_Base_Init
 .text.TIM_ETR_SetConfig
                0x08006778       0x1a CMakeFiles/test.elf.dir/Drivers/STM32F4xx_HAL_Driver/Src/stm32f4xx_hal_tim.c.obj
                0x08006778                TIM_ETR_SetConfig
 .text.HAL_TIM_ConfigClockSource
                0x08006792       0xfe CMakeFiles/test.elf.dir/Drivers/STM32F4xx_HAL_Driver/Src/stm32f4xx_hal_tim.c.obj
                0x08006792                HAL_TIM_ConfigClockSource
 .text.HAL_TIMEx_MasterConfigSynchronization
                0x08006890       0x8c CMakeFiles/test.elf.dir/Drivers/STM32F4xx_HAL_Driver/Src/stm32f4xx_hal_tim_ex.c.obj
                0x08006890                HAL_TIMEx_MasterConfigSynchronization
 .text.HAL_TIMEx_CommutCallback
                0x0800691c        0x2 CMakeFiles/test.elf.dir/Drivers/STM32F4xx_HAL_Driver/Src/stm32f4xx_hal_tim_ex.c.obj
                0x0800691c                HAL_TIMEx_CommutCallback
 .text.HAL_TIMEx_BreakCallback
                0x0800691e        0x2 CMakeFiles/test.elf.dir/Drivers/STM32F4xx_HAL_Driver/Src/stm32f4xx_hal_tim_ex.c.obj
                0x0800691e                HAL_TIMEx_BreakCallback
 .text.UART_EndTxTransfer
                0x08006920       0x20 CMakeFiles/test.elf.dir/Drivers/STM32F4xx_HAL_Driver/Src/stm32f4xx_hal_uart.c.obj
 .text.UART_EndRxTransfer
                0x08006940       0x5c CMakeFiles/test.elf.dir/Drivers/STM32F4xx_HAL_Driver/Src/stm32f4xx_hal_uart.c.obj
 .text.UART_Transmit_IT
                0x0800699c       0x60 CMakeFiles/test.elf.dir/Drivers/STM32F4xx_HAL_Driver/Src/stm32f4xx_hal_uart.c.obj
 .text.UART_SetConfig
                0x080069fc      0x110 CMakeFiles/test.elf.dir/Drivers/STM32F4xx_HAL_Driver/Src/stm32f4xx_hal_uart.c.obj
 .text.HAL_UART_Init
                0x08006b0c       0x5e CMakeFiles/test.elf.dir/Drivers/STM32F4xx_HAL_Driver/Src/stm32f4xx_hal_uart.c.obj
                0x08006b0c                HAL_UART_Init
 *fill*         0x08006b6a        0x2 
 .text.HAL_UART_Transmit_DMA
                0x08006b6c       0x9c CMakeFiles/test.elf.dir/Drivers/STM32F4xx_HAL_Driver/Src/stm32f4xx_hal_uart.c.obj
                0x08006b6c                HAL_UART_Transmit_DMA
 .text.UART_DMATransmitCplt
                0x08006c08       0x4c CMakeFiles/test.elf.dir/Drivers/STM32F4xx_HAL_Driver/Src/stm32f4xx_hal_uart.c.obj
 .text.UART_EndTransmit_IT
                0x08006c54       0x1a CMakeFiles/test.elf.dir/Drivers/STM32F4xx_HAL_Driver/Src/stm32f4xx_hal_uart.c.obj
 .text.HAL_UART_TxHalfCpltCallback
                0x08006c6e        0x2 CMakeFiles/test.elf.dir/Drivers/STM32F4xx_HAL_Driver/Src/stm32f4xx_hal_uart.c.obj
                0x08006c6e                HAL_UART_TxHalfCpltCallback
 .text.UART_DMATxHalfCplt
                0x08006c70        0xa CMakeFiles/test.elf.dir/Drivers/STM32F4xx_HAL_Driver/Src/stm32f4xx_hal_uart.c.obj
 .text.HAL_UART_RxHalfCpltCallback
                0x08006c7a        0x2 CMakeFiles/test.elf.dir/Drivers/STM32F4xx_HAL_Driver/Src/stm32f4xx_hal_uart.c.obj
                0x08006c7a                HAL_UART_RxHalfCpltCallback
 .text.UART_DMAError
                0x08006c7c       0x58 CMakeFiles/test.elf.dir/Drivers/STM32F4xx_HAL_Driver/Src/stm32f4xx_hal_uart.c.obj
 .text.UART_DMAAbortOnError
                0x08006cd4       0x10 CMakeFiles/test.elf.dir/Drivers/STM32F4xx_HAL_Driver/Src/stm32f4xx_hal_uart.c.obj
 .text.HAL_UARTEx_RxEventCallback
                0x08006ce4        0x2 CMakeFiles/test.elf.dir/Drivers/STM32F4xx_HAL_Driver/Src/stm32f4xx_hal_uart.c.obj
                0x08006ce4                HAL_UARTEx_RxEventCallback
 .text.UART_Receive_IT
                0x08006ce6       0xe2 CMakeFiles/test.elf.dir/Drivers/STM32F4xx_HAL_Driver/Src/stm32f4xx_hal_uart.c.obj
 .text.HAL_UART_IRQHandler
                0x08006dc8      0x27c CMakeFiles/test.elf.dir/Drivers/STM32F4xx_HAL_Driver/Src/stm32f4xx_hal_uart.c.obj
                0x08006dc8                HAL_UART_IRQHandler
 .text.UART_DMARxHalfCplt
                0x08007044       0x1a CMakeFiles/test.elf.dir/Drivers/STM32F4xx_HAL_Driver/Src/stm32f4xx_hal_uart.c.obj
 .text.UART_DMAReceiveCplt
                0x0800705e       0x96 CMakeFiles/test.elf.dir/Drivers/STM32F4xx_HAL_Driver/Src/stm32f4xx_hal_uart.c.obj
 .text.UART_Start_Receive_IT
                0x080070f4       0x3a CMakeFiles/test.elf.dir/Drivers/STM32F4xx_HAL_Driver/Src/stm32f4xx_hal_uart.c.obj
                0x080070f4                UART_Start_Receive_IT
 .text.HAL_UART_Receive_IT
                0x0800712e       0x38 CMakeFiles/test.elf.dir/Drivers/STM32F4xx_HAL_Driver/Src/stm32f4xx_hal_uart.c.obj
                0x0800712e                HAL_UART_Receive_IT
 *fill*         0x08007166        0x2 
 .text.UART_Start_Receive_DMA
                0x08007168       0xa8 CMakeFiles/test.elf.dir/Drivers/STM32F4xx_HAL_Driver/Src/stm32f4xx_hal_uart.c.obj
                0x08007168                UART_Start_Receive_DMA
 .text.HAL_UART_Receive_DMA
                0x08007210       0x38 CMakeFiles/test.elf.dir/Drivers/STM32F4xx_HAL_Driver/Src/stm32f4xx_hal_uart.c.obj
                0x08007210                HAL_UART_Receive_DMA
 .text.OSLIB_Init
                0x08007248       0x34 CMakeFiles/test.elf.dir/oslib/oslib.c.obj
                0x08007248                OSLIB_Init
 .text.OSLIB_CAN_Init
                0x0800727c       0x38 CMakeFiles/test.elf.dir/oslib/port/stm32f407zg/oslib_can_port.c.obj
                0x0800727c                OSLIB_CAN_Init
 .text.OSLIB_UART_Init
                0x080072b4       0x7c CMakeFiles/test.elf.dir/oslib/port/stm32f407zg/oslib_uart_port.c.obj
                0x080072b4                OSLIB_UART_Init
 .text.OSLIB_CAN_Handle_Get
                0x08007330       0x18 CMakeFiles/test.elf.dir/oslib/can/oslib_can.c.obj
 .text.OSLIB_CAN_Handle_Register
                0x08007348       0x28 CMakeFiles/test.elf.dir/oslib/can/oslib_can.c.obj
 .text.HAL_CAN_TxMailbox0CompleteCallback
                0x08007370       0x38 CMakeFiles/test.elf.dir/oslib/can/oslib_can.c.obj
                0x08007370                HAL_CAN_TxMailbox0CompleteCallback
 .text.HAL_CAN_TxMailbox1CompleteCallback
                0x080073a8       0x38 CMakeFiles/test.elf.dir/oslib/can/oslib_can.c.obj
                0x080073a8                HAL_CAN_TxMailbox1CompleteCallback
 .text.HAL_CAN_TxMailbox2CompleteCallback
                0x080073e0       0x38 CMakeFiles/test.elf.dir/oslib/can/oslib_can.c.obj
                0x080073e0                HAL_CAN_TxMailbox2CompleteCallback
 .text.HAL_CAN_RxFifo0MsgPendingCallback
                0x08007418       0x58 CMakeFiles/test.elf.dir/oslib/can/oslib_can.c.obj
                0x08007418                HAL_CAN_RxFifo0MsgPendingCallback
 .text.HAL_CAN_RxFifo0FullCallback
                0x08007470        0x2 CMakeFiles/test.elf.dir/oslib/can/oslib_can.c.obj
                0x08007470                HAL_CAN_RxFifo0FullCallback
 .text.HAL_CAN_RxFifo1MsgPendingCallback
                0x08007472       0x5a CMakeFiles/test.elf.dir/oslib/can/oslib_can.c.obj
                0x08007472                HAL_CAN_RxFifo1MsgPendingCallback
 .text.HAL_CAN_RxFifo1FullCallback
                0x080074cc        0x2 CMakeFiles/test.elf.dir/oslib/can/oslib_can.c.obj
                0x080074cc                HAL_CAN_RxFifo1FullCallback
 *fill*         0x080074ce        0x2 
 .text.HAL_CAN_ErrorCallback
                0x080074d0       0x8c CMakeFiles/test.elf.dir/oslib/can/oslib_can.c.obj
                0x080074d0                HAL_CAN_ErrorCallback
 .text.OSLIB_CAN_Handle_Init
                0x0800755c       0xa4 CMakeFiles/test.elf.dir/oslib/can/oslib_can.c.obj
                0x0800755c                OSLIB_CAN_Handle_Init
 .text.OSLIB_CAN_SendMessage
                0x08007600       0x74 CMakeFiles/test.elf.dir/oslib/can/oslib_can.c.obj
                0x08007600                OSLIB_CAN_SendMessage
 .text.CAN_Dispatch_Task
                0x08007674       0x90 CMakeFiles/test.elf.dir/oslib/can/oslib_can_dispatch.c.obj
 .text.OSLIB_CAN_List32FilterConfig
                0x08007704       0x78 CMakeFiles/test.elf.dir/oslib/can/oslib_can_dispatch.c.obj
 .text.OSLIB_CAN_List16FilterConfig
                0x0800777c       0x88 CMakeFiles/test.elf.dir/oslib/can/oslib_can_dispatch.c.obj
 .text.OSLIB_CAN_MaskFilterConfig
                0x08007804       0x78 CMakeFiles/test.elf.dir/oslib/can/oslib_can_dispatch.c.obj
 .text.OSLIB_CAN_Dispatch_Init
                0x0800787c      0x3ac CMakeFiles/test.elf.dir/oslib/can/oslib_can_dispatch.c.obj
                0x0800787c                OSLIB_CAN_Dispatch_Init
 .text.OSLIB_UART_Handle_Register
                0x08007c28       0x28 CMakeFiles/test.elf.dir/oslib/uart/oslib_uart.c.obj
 .text.OSLIB_UART_Handle_Get
                0x08007c50       0x18 CMakeFiles/test.elf.dir/oslib/uart/oslib_uart.c.obj
                0x08007c50                OSLIB_UART_Handle_Get
 .text.HAL_UART_TxCpltCallback
                0x08007c68       0x38 CMakeFiles/test.elf.dir/oslib/uart/oslib_uart.c.obj
                0x08007c68                HAL_UART_TxCpltCallback
 .text.HAL_UART_RxCpltCallback
                0x08007ca0       0x58 CMakeFiles/test.elf.dir/oslib/uart/oslib_uart.c.obj
                0x08007ca0                HAL_UART_RxCpltCallback
 .text.HAL_UART_ErrorCallback
                0x08007cf8       0xe4 CMakeFiles/test.elf.dir/oslib/uart/oslib_uart.c.obj
                0x08007cf8                HAL_UART_ErrorCallback
 .text.OSLIB_UART_RxIdleCallback
                0x08007ddc       0xb8 CMakeFiles/test.elf.dir/oslib/uart/oslib_uart.c.obj
                0x08007ddc                OSLIB_UART_RxIdleCallback
 .text.OSLIB_UART_Handle_DMA_Init
                0x08007e94       0x68 CMakeFiles/test.elf.dir/oslib/uart/oslib_uart.c.obj
                0x08007e94                OSLIB_UART_Handle_DMA_Init
 .text.OSLIB_UART_Handle_IT_Init
                0x08007efc       0x54 CMakeFiles/test.elf.dir/oslib/uart/oslib_uart.c.obj
                0x08007efc                OSLIB_UART_Handle_IT_Init
 .text.OSLIB_UART_Printf
                0x08007f50       0x88 CMakeFiles/test.elf.dir/oslib/uart/oslib_uart.c.obj
                0x08007f50                OSLIB_UART_Printf
 .text.OSLIB_UART_SendData
                0x08007fd8       0x78 CMakeFiles/test.elf.dir/oslib/uart/oslib_uart.c.obj
                0x08007fd8                OSLIB_UART_SendData
 .text.OSLIB_UART_CLI_StrTok
                0x08008050       0x5c CMakeFiles/test.elf.dir/oslib/uart/oslib_uart_cmd.c.obj
 .text.OSLIB_UART_CLI_CommandSplit
                0x080080ac       0x20 CMakeFiles/test.elf.dir/oslib/uart/oslib_uart_cmd.c.obj
 .text.Command_Help
                0x080080cc       0x14 CMakeFiles/test.elf.dir/oslib/uart/oslib_uart_cmd.c.obj
 .text._Command_Help
                0x080080e0       0x1c CMakeFiles/test.elf.dir/oslib/uart/oslib_uart_cmd.c.obj
 .text.OSLIB_UART_CLI_ProcessCommand
                0x080080fc       0x5c CMakeFiles/test.elf.dir/oslib/uart/oslib_uart_cmd.c.obj
 .text.UART_CLI_Task
                0x08008158       0x5c CMakeFiles/test.elf.dir/oslib/uart/oslib_uart_cmd.c.obj
 .text.OSLIB_UART_CLI_AddCommand
                0x080081b4       0x24 CMakeFiles/test.elf.dir/oslib/uart/oslib_uart_cmd.c.obj
                0x080081b4                OSLIB_UART_CLI_AddCommand
 .text.OSLIB_UART_CLI_Init
                0x080081d8       0x78 CMakeFiles/test.elf.dir/oslib/uart/oslib_uart_cmd.c.obj
                0x080081d8                OSLIB_UART_CLI_Init
 .text.cmpAtom  0x08008250        0x8 CMakeFiles/test.elf.dir/oslib/utils/oslib_hash.c.obj
 .text.hashAtom
                0x08008258        0x4 CMakeFiles/test.elf.dir/oslib/utils/oslib_hash.c.obj
 .text.freeKeyAtom
                0x0800825c        0x2 CMakeFiles/test.elf.dir/oslib/utils/oslib_hash.c.obj
 .text.cmpStr   0x0800825e        0xe CMakeFiles/test.elf.dir/oslib/utils/oslib_hash.c.obj
                0x0800825e                cmpStr
 .text.hashStr  0x0800826c       0x1a CMakeFiles/test.elf.dir/oslib/utils/oslib_hash.c.obj
                0x0800826c                hashStr
 *fill*         0x08008286        0x2 
 .text.HashTable_create
                0x08008288       0x54 CMakeFiles/test.elf.dir/oslib/utils/oslib_hash.c.obj
                0x08008288                HashTable_create
 .text.HashTable_insert
                0x080082dc       0xa8 CMakeFiles/test.elf.dir/oslib/utils/oslib_hash.c.obj
                0x080082dc                HashTable_insert
 .text.HashTable_get
                0x08008384       0x70 CMakeFiles/test.elf.dir/oslib/utils/oslib_hash.c.obj
                0x08008384                HashTable_get
 .text.HashTable_map
                0x080083f4       0x7c CMakeFiles/test.elf.dir/oslib/utils/oslib_hash.c.obj
                0x080083f4                HashTable_map
 .text._GetAvailWriteSpace
                0x08008470       0x18 CMakeFiles/test.elf.dir/oslib/debug/SEGGER_RTT.c.obj
 .text._WriteNoCheck
                0x08008488       0x4c CMakeFiles/test.elf.dir/oslib/debug/SEGGER_RTT.c.obj
 .text._WriteBlocking
                0x080084d4       0x62 CMakeFiles/test.elf.dir/oslib/debug/SEGGER_RTT.c.obj
 *fill*         0x08008536        0x2 
 .text._DoInit  0x08008538       0x70 CMakeFiles/test.elf.dir/oslib/debug/SEGGER_RTT.c.obj
 .text.SEGGER_RTT_WriteNoLock
                0x080085a8       0x6c CMakeFiles/test.elf.dir/oslib/debug/SEGGER_RTT.c.obj
                0x080085a8                SEGGER_RTT_WriteNoLock
 .text.SEGGER_RTT_Write
                0x08008614       0x34 CMakeFiles/test.elf.dir/oslib/debug/SEGGER_RTT.c.obj
                0x08008614                SEGGER_RTT_Write
 .text._StoreChar
                0x08008648       0x40 CMakeFiles/test.elf.dir/oslib/debug/SEGGER_RTT_printf.c.obj
 .text._PrintUnsigned
                0x08008688       0xe0 CMakeFiles/test.elf.dir/oslib/debug/SEGGER_RTT_printf.c.obj
 .text._PrintInt
                0x08008768       0xea CMakeFiles/test.elf.dir/oslib/debug/SEGGER_RTT_printf.c.obj
 *fill*         0x08008852        0x2 
 .text.SEGGER_RTT_vprintf
                0x08008854      0x1f0 CMakeFiles/test.elf.dir/oslib/debug/SEGGER_RTT_printf.c.obj
                0x08008854                SEGGER_RTT_vprintf
 .text.SEGGER_RTT_printf
                0x08008a44       0x1e CMakeFiles/test.elf.dir/oslib/debug/SEGGER_RTT_printf.c.obj
                0x08008a44                SEGGER_RTT_printf
 *fill*         0x08008a62        0x2 
 .text.OSLIB_Elog_Init
                0x08008a64       0x58 CMakeFiles/test.elf.dir/oslib/components/easylogger/port/elog_port.c.obj
                0x08008a64                OSLIB_Elog_Init
 .text.elog_port_init
                0x08008abc       0x40 CMakeFiles/test.elf.dir/oslib/components/easylogger/port/elog_port.c.obj
                0x08008abc                elog_port_init
 .text.elog_port_output
                0x08008afc       0x14 CMakeFiles/test.elf.dir/oslib/components/easylogger/port/elog_port.c.obj
                0x08008afc                elog_port_output
 .text.StartElogTask
                0x08008b10       0x3c CMakeFiles/test.elf.dir/oslib/components/easylogger/port/elog_port.c.obj
                0x08008b10                StartElogTask
 .text.elog_port_async_lock
                0x08008b4c       0x18 CMakeFiles/test.elf.dir/oslib/components/easylogger/port/elog_port.c.obj
                0x08008b4c                elog_port_async_lock
 .text.elog_port_async_unlock
                0x08008b64       0x10 CMakeFiles/test.elf.dir/oslib/components/easylogger/port/elog_port.c.obj
                0x08008b64                elog_port_async_unlock
 .text.elog_port_output_lock
                0x08008b74       0x18 CMakeFiles/test.elf.dir/oslib/components/easylogger/port/elog_port.c.obj
                0x08008b74                elog_port_output_lock
 .text.elog_port_output_unlock
                0x08008b8c       0x10 CMakeFiles/test.elf.dir/oslib/components/easylogger/port/elog_port.c.obj
                0x08008b8c                elog_port_output_unlock
 .text.elog_port_get_time
                0x08008b9c       0x20 CMakeFiles/test.elf.dir/oslib/components/easylogger/port/elog_port.c.obj
                0x08008b9c                elog_port_get_time
 .text.elog_port_get_p_info
                0x08008bbc        0x8 CMakeFiles/test.elf.dir/oslib/components/easylogger/port/elog_port.c.obj
                0x08008bbc                elog_port_get_p_info
 .text.elog_port_get_t_info
                0x08008bc4        0x8 CMakeFiles/test.elf.dir/oslib/components/easylogger/port/elog_port.c.obj
                0x08008bc4                elog_port_get_t_info
 .text.elog_async_output_notice
                0x08008bcc       0x1c CMakeFiles/test.elf.dir/oslib/components/easylogger/port/elog_port.c.obj
                0x08008bcc                elog_async_output_notice
 .text.Command_Log_SetTagFiltLVL
                0x08008be8       0xe4 CMakeFiles/test.elf.dir/oslib/components/easylogger/port/elog_cmd.c.obj
 .text.Command_Log_SetFiltLVL
                0x08008ccc       0xd4 CMakeFiles/test.elf.dir/oslib/components/easylogger/port/elog_cmd.c.obj
 .text.Command_Log_ColorEnable
                0x08008da0       0x5c CMakeFiles/test.elf.dir/oslib/components/easylogger/port/elog_cmd.c.obj
 .text.Command_Log_OutPutEnable
                0x08008dfc       0x5c CMakeFiles/test.elf.dir/oslib/components/easylogger/port/elog_cmd.c.obj
 .text.OSLIB_UART_CLI_AddElogCMD
                0x08008e58       0x64 CMakeFiles/test.elf.dir/oslib/components/easylogger/port/elog_cmd.c.obj
                0x08008e58                OSLIB_UART_CLI_AddElogCMD
 .text.elog_set_filter_tag_lvl_default
                0x08008ebc       0x48 CMakeFiles/test.elf.dir/oslib/components/easylogger/src/elog.c.obj
 .text.elog_set_output_enabled
                0x08008f04        0xc CMakeFiles/test.elf.dir/oslib/components/easylogger/src/elog.c.obj
                0x08008f04                elog_set_output_enabled
 .text.elog_set_text_color_enabled
                0x08008f10        0xc CMakeFiles/test.elf.dir/oslib/components/easylogger/src/elog.c.obj
                0x08008f10                elog_set_text_color_enabled
 .text.elog_output_lock
                0x08008f1c       0x28 CMakeFiles/test.elf.dir/oslib/components/easylogger/src/elog.c.obj
                0x08008f1c                elog_output_lock
 .text.elog_output_unlock
                0x08008f44       0x28 CMakeFiles/test.elf.dir/oslib/components/easylogger/src/elog.c.obj
                0x08008f44                elog_output_unlock
 .text.elog_output
                0x08008f6c      0x394 CMakeFiles/test.elf.dir/oslib/components/easylogger/src/elog.c.obj
                0x08008f6c                elog_output
 .text.elog_start
                0x08009300       0x50 CMakeFiles/test.elf.dir/oslib/components/easylogger/src/elog.c.obj
                0x08009300                elog_start
 .text.elog_set_fmt
                0x08009350       0x68 CMakeFiles/test.elf.dir/oslib/components/easylogger/src/elog.c.obj
                0x08009350                elog_set_fmt
 .text.elog_set_filter_lvl
                0x080093b8       0x60 CMakeFiles/test.elf.dir/oslib/components/easylogger/src/elog.c.obj
                0x080093b8                elog_set_filter_lvl
 .text.elog_set_filter_tag_lvl
                0x08009418      0x174 CMakeFiles/test.elf.dir/oslib/components/easylogger/src/elog.c.obj
                0x08009418                elog_set_filter_tag_lvl
 .text.elog_get_filter_tag_lvl
                0x0800958c       0xb4 CMakeFiles/test.elf.dir/oslib/components/easylogger/src/elog.c.obj
                0x0800958c                elog_get_filter_tag_lvl
 .text.get_fmt_enabled
                0x08009640       0x70 CMakeFiles/test.elf.dir/oslib/components/easylogger/src/elog.c.obj
 .text.elog_output_lock_enabled
                0x080096b0       0x34 CMakeFiles/test.elf.dir/oslib/components/easylogger/src/elog.c.obj
                0x080096b0                elog_output_lock_enabled
 .text.elog_init
                0x080096e4       0x54 CMakeFiles/test.elf.dir/oslib/components/easylogger/src/elog.c.obj
                0x080096e4                elog_init
 .text.elog_async_get_buf_used
                0x08009738       0x40 CMakeFiles/test.elf.dir/oslib/components/easylogger/src/elog_async.c.obj
 .text.async_get_buf_space
                0x08009778        0xc CMakeFiles/test.elf.dir/oslib/components/easylogger/src/elog_async.c.obj
 .text.elog_async_lock
                0x08009784        0x8 CMakeFiles/test.elf.dir/oslib/components/easylogger/src/elog_async.c.obj
                0x08009784                elog_async_lock
 .text.elog_async_unlock
                0x0800978c        0x8 CMakeFiles/test.elf.dir/oslib/components/easylogger/src/elog_async.c.obj
                0x0800978c                elog_async_unlock
 .text.async_put_log
                0x08009794       0x84 CMakeFiles/test.elf.dir/oslib/components/easylogger/src/elog_async.c.obj
 .text.elog_async_get_log
                0x08009818       0x8c CMakeFiles/test.elf.dir/oslib/components/easylogger/src/elog_async.c.obj
                0x08009818                elog_async_get_log
 .text.elog_async_output
                0x080098a4       0x28 CMakeFiles/test.elf.dir/oslib/components/easylogger/src/elog_async.c.obj
                0x080098a4                elog_async_output
 .text.elog_async_enabled
                0x080098cc        0xc CMakeFiles/test.elf.dir/oslib/components/easylogger/src/elog_async.c.obj
                0x080098cc                elog_async_enabled
 .text.elog_async_init
                0x080098d8       0x14 CMakeFiles/test.elf.dir/oslib/components/easylogger/src/elog_async.c.obj
                0x080098d8                elog_async_init
 .text.elog_strcpy
                0x080098ec       0xac CMakeFiles/test.elf.dir/oslib/components/easylogger/src/elog_utils.c.obj
                0x080098ec                elog_strcpy
 .text.CanCallback_EchoID
                0x08009998       0x18 CMakeFiles/test.elf.dir/oslib/example/can_func.c.obj
 .text.Command_CanSend
                0x080099b0       0x84 CMakeFiles/test.elf.dir/oslib/example/cmd_func.c.obj
 .text.Command_Echo
                0x08009a34       0x24 CMakeFiles/test.elf.dir/oslib/example/cmd_func.c.obj
 .text.Command_Hello
                0x08009a58       0x10 CMakeFiles/test.elf.dir/oslib/example/cmd_func.c.obj
 .text.Command_Task
                0x08009a68       0x3c CMakeFiles/test.elf.dir/oslib/example/cmd_func.c.obj
 *fill*         0x08009aa4        0x4 
 .text.pow      0x08009aa8       0xf0 c:/progra~2/armgnu~1/12977f~1.2mp/bin/../lib/gcc/arm-none-eabi/12.2.1/thumb/v7e-m+fp/hard\libm.a(libm_a-w_pow.o)
                0x08009aa8                pow
 .text.finite   0x08009b98       0x18 c:/progra~2/armgnu~1/12977f~1.2mp/bin/../lib/gcc/arm-none-eabi/12.2.1/thumb/v7e-m+fp/hard\libm.a(libm_a-s_finite.o)
                0x08009b98                finite
 .text.__ieee754_sqrt
                0x08009bb0      0x1f4 c:/progra~2/armgnu~1/12977f~1.2mp/bin/../lib/gcc/arm-none-eabi/12.2.1/thumb/v7e-m+fp/hard\libm.a(libm_a-e_sqrt.o)
                0x08009bb0                __ieee754_sqrt
 *fill*         0x08009da4        0x4 
 .text.__ieee754_pow
                0x08009da8      0xbdc c:/progra~2/armgnu~1/12977f~1.2mp/bin/../lib/gcc/arm-none-eabi/12.2.1/thumb/v7e-m+fp/hard\libm.a(libm_a-e_pow.o)
                0x08009da8                __ieee754_pow
 .text.fabs     0x0800a984       0x10 c:/progra~2/armgnu~1/12977f~1.2mp/bin/../lib/gcc/arm-none-eabi/12.2.1/thumb/v7e-m+fp/hard\libm.a(libm_a-s_fabs.o)
                0x0800a984                fabs
 *fill*         0x0800a994        0x4 
 .text.scalbn   0x0800a998      0x114 c:/progra~2/armgnu~1/12977f~1.2mp/bin/../lib/gcc/arm-none-eabi/12.2.1/thumb/v7e-m+fp/hard\libm.a(libm_a-s_scalbn.o)
                0x0800a998                scalbn
 .text.with_errno
                0x0800aaac       0x24 c:/progra~2/armgnu~1/12977f~1.2mp/bin/../lib/gcc/arm-none-eabi/12.2.1/thumb/v7e-m+fp/hard\libm.a(libm_a-math_err.o)
 .text.xflow    0x0800aad0       0x34 c:/progra~2/armgnu~1/12977f~1.2mp/bin/../lib/gcc/arm-none-eabi/12.2.1/thumb/v7e-m+fp/hard\libm.a(libm_a-math_err.o)
 *fill*         0x0800ab04        0x4 
 .text.__math_uflow
                0x0800ab08       0x10 c:/progra~2/armgnu~1/12977f~1.2mp/bin/../lib/gcc/arm-none-eabi/12.2.1/thumb/v7e-m+fp/hard\libm.a(libm_a-math_err.o)
                0x0800ab08                __math_uflow
 .text.__math_oflow
                0x0800ab18       0x10 c:/progra~2/armgnu~1/12977f~1.2mp/bin/../lib/gcc/arm-none-eabi/12.2.1/thumb/v7e-m+fp/hard\libm.a(libm_a-math_err.o)
                0x0800ab18                __math_oflow
 .text.__udivmoddi4
                0x0800ab28      0x2bc c:/progra~2/armgnu~1/12977f~1.2mp/bin/../lib/gcc/arm-none-eabi/12.2.1/thumb/v7e-m+fp/hard\libgcc.a(_udivmoddi4.o)
                0x0800ab28                __udivmoddi4
 .text.selfrel_offset31
                0x0800ade4       0x14 c:/progra~2/armgnu~1/12977f~1.2mp/bin/../lib/gcc/arm-none-eabi/12.2.1/thumb/v7e-m+fp/hard\libgcc.a(unwind-arm.o)
 .text.search_EIT_table
                0x0800adf8       0x64 c:/progra~2/armgnu~1/12977f~1.2mp/bin/../lib/gcc/arm-none-eabi/12.2.1/thumb/v7e-m+fp/hard\libgcc.a(unwind-arm.o)
 .text.__gnu_unwind_get_pr_addr
                0x0800ae5c       0x28 c:/progra~2/armgnu~1/12977f~1.2mp/bin/../lib/gcc/arm-none-eabi/12.2.1/thumb/v7e-m+fp/hard\libgcc.a(unwind-arm.o)
 .text.get_eit_entry
                0x0800ae84       0x94 c:/progra~2/armgnu~1/12977f~1.2mp/bin/../lib/gcc/arm-none-eabi/12.2.1/thumb/v7e-m+fp/hard\libgcc.a(unwind-arm.o)
 .text.restore_non_core_regs
                0x0800af18       0x58 c:/progra~2/armgnu~1/12977f~1.2mp/bin/../lib/gcc/arm-none-eabi/12.2.1/thumb/v7e-m+fp/hard\libgcc.a(unwind-arm.o)
 .text._Unwind_decode_typeinfo_ptr.constprop.0
                0x0800af70        0xc c:/progra~2/armgnu~1/12977f~1.2mp/bin/../lib/gcc/arm-none-eabi/12.2.1/thumb/v7e-m+fp/hard\libgcc.a(unwind-arm.o)
 .text._Unwind_DebugHook
                0x0800af7c        0x4 c:/progra~2/armgnu~1/12977f~1.2mp/bin/../lib/gcc/arm-none-eabi/12.2.1/thumb/v7e-m+fp/hard\libgcc.a(unwind-arm.o)
 .text.unwind_phase2
                0x0800af80       0x38 c:/progra~2/armgnu~1/12977f~1.2mp/bin/../lib/gcc/arm-none-eabi/12.2.1/thumb/v7e-m+fp/hard\libgcc.a(unwind-arm.o)
 .text.unwind_phase2_forced
                0x0800afb8       0xd4 c:/progra~2/armgnu~1/12977f~1.2mp/bin/../lib/gcc/arm-none-eabi/12.2.1/thumb/v7e-m+fp/hard\libgcc.a(unwind-arm.o)
 .text.__gnu_Unwind_RaiseException
                0x0800b08c       0x68 c:/progra~2/armgnu~1/12977f~1.2mp/bin/../lib/gcc/arm-none-eabi/12.2.1/thumb/v7e-m+fp/hard\libgcc.a(unwind-arm.o)
                0x0800b08c                __gnu_Unwind_RaiseException
 .text.__gnu_Unwind_ForcedUnwind
                0x0800b0f4       0x10 c:/progra~2/armgnu~1/12977f~1.2mp/bin/../lib/gcc/arm-none-eabi/12.2.1/thumb/v7e-m+fp/hard\libgcc.a(unwind-arm.o)
                0x0800b0f4                __gnu_Unwind_ForcedUnwind
 .text.__gnu_Unwind_Resume
                0x0800b104       0x40 c:/progra~2/armgnu~1/12977f~1.2mp/bin/../lib/gcc/arm-none-eabi/12.2.1/thumb/v7e-m+fp/hard\libgcc.a(unwind-arm.o)
                0x0800b104                __gnu_Unwind_Resume
 .text.__gnu_Unwind_Resume_or_Rethrow
                0x0800b144       0x14 c:/progra~2/armgnu~1/12977f~1.2mp/bin/../lib/gcc/arm-none-eabi/12.2.1/thumb/v7e-m+fp/hard\libgcc.a(unwind-arm.o)
                0x0800b144                __gnu_Unwind_Resume_or_Rethrow
 .text._Unwind_VRS_Get
                0x0800b158       0x34 c:/progra~2/armgnu~1/12977f~1.2mp/bin/../lib/gcc/arm-none-eabi/12.2.1/thumb/v7e-m+fp/hard\libgcc.a(unwind-arm.o)
                0x0800b158                _Unwind_VRS_Get
 .text._Unwind_GetGR
                0x0800b18c       0x1c c:/progra~2/armgnu~1/12977f~1.2mp/bin/../lib/gcc/arm-none-eabi/12.2.1/thumb/v7e-m+fp/hard\libgcc.a(unwind-arm.o)
 .text._Unwind_VRS_Set
                0x0800b1a8       0x34 c:/progra~2/armgnu~1/12977f~1.2mp/bin/../lib/gcc/arm-none-eabi/12.2.1/thumb/v7e-m+fp/hard\libgcc.a(unwind-arm.o)
                0x0800b1a8                _Unwind_VRS_Set
 .text._Unwind_SetGR
                0x0800b1dc       0x18 c:/progra~2/armgnu~1/12977f~1.2mp/bin/../lib/gcc/arm-none-eabi/12.2.1/thumb/v7e-m+fp/hard\libgcc.a(unwind-arm.o)
 .text.__gnu_Unwind_Backtrace
                0x0800b1f4       0x84 c:/progra~2/armgnu~1/12977f~1.2mp/bin/../lib/gcc/arm-none-eabi/12.2.1/thumb/v7e-m+fp/hard\libgcc.a(unwind-arm.o)
                0x0800b1f4                __gnu_Unwind_Backtrace
 .text.__gnu_unwind_pr_common
                0x0800b278      0x298 c:/progra~2/armgnu~1/12977f~1.2mp/bin/../lib/gcc/arm-none-eabi/12.2.1/thumb/v7e-m+fp/hard\libgcc.a(unwind-arm.o)
 .text.__aeabi_unwind_cpp_pr0
                0x0800b510        0x8 c:/progra~2/armgnu~1/12977f~1.2mp/bin/../lib/gcc/arm-none-eabi/12.2.1/thumb/v7e-m+fp/hard\libgcc.a(unwind-arm.o)
                0x0800b510                __aeabi_unwind_cpp_pr0
 .text.__aeabi_unwind_cpp_pr1
                0x0800b518        0x8 c:/progra~2/armgnu~1/12977f~1.2mp/bin/../lib/gcc/arm-none-eabi/12.2.1/thumb/v7e-m+fp/hard\libgcc.a(unwind-arm.o)
                0x0800b518                __aeabi_unwind_cpp_pr1
 .text.__aeabi_unwind_cpp_pr2
                0x0800b520        0x8 c:/progra~2/armgnu~1/12977f~1.2mp/bin/../lib/gcc/arm-none-eabi/12.2.1/thumb/v7e-m+fp/hard\libgcc.a(unwind-arm.o)
                0x0800b520                __aeabi_unwind_cpp_pr2
 .text._Unwind_VRS_Pop
                0x0800b528      0x2f4 c:/progra~2/armgnu~1/12977f~1.2mp/bin/../lib/gcc/arm-none-eabi/12.2.1/thumb/v7e-m+fp/hard\libgcc.a(unwind-arm.o)
                0x0800b528                _Unwind_VRS_Pop
 .text.next_unwind_byte
                0x0800b81c       0x38 c:/progra~2/armgnu~1/12977f~1.2mp/bin/../lib/gcc/arm-none-eabi/12.2.1/thumb/v7e-m+fp/hard\libgcc.a(pr-support.o)
 .text.__gnu_unwind_execute
                0x0800b854      0x2fc c:/progra~2/armgnu~1/12977f~1.2mp/bin/../lib/gcc/arm-none-eabi/12.2.1/thumb/v7e-m+fp/hard\libgcc.a(pr-support.o)
                0x0800b854                __gnu_unwind_execute
 .text.abort    0x0800bb50       0x10 c:/progra~2/armgnu~1/12977f~1.2mp/bin/../lib/gcc/arm-none-eabi/12.2.1/thumb/v7e-m+fp/hard\libg.a(libc_a-abort.o)
                0x0800bb50                abort
 .text.__assert_func
                0x0800bb60       0x40 c:/progra~2/armgnu~1/12977f~1.2mp/bin/../lib/gcc/arm-none-eabi/12.2.1/thumb/v7e-m+fp/hard\libg.a(libc_a-assert.o)
                0x0800bb60                __assert_func
 .text.atoi     0x0800bba0        0x8 c:/progra~2/armgnu~1/12977f~1.2mp/bin/../lib/gcc/arm-none-eabi/12.2.1/thumb/v7e-m+fp/hard\libg.a(libc_a-atoi.o)
                0x0800bba0                atoi
 .text._malloc_r
                0x0800bba8      0x574 c:/progra~2/armgnu~1/12977f~1.2mp/bin/../lib/gcc/arm-none-eabi/12.2.1/thumb/v7e-m+fp/hard\libg.a(libc_a-mallocr.o)
                0x0800bba8                _malloc_r
 .text.__malloc_lock
                0x0800c11c        0xc c:/progra~2/armgnu~1/12977f~1.2mp/bin/../lib/gcc/arm-none-eabi/12.2.1/thumb/v7e-m+fp/hard\libg.a(libc_a-mlock.o)
                0x0800c11c                __malloc_lock
 .text.__malloc_unlock
                0x0800c128        0xc c:/progra~2/armgnu~1/12977f~1.2mp/bin/../lib/gcc/arm-none-eabi/12.2.1/thumb/v7e-m+fp/hard\libg.a(libc_a-mlock.o)
                0x0800c128                __malloc_unlock
 .text._strtol_l.constprop.0
                0x0800c134      0x138 c:/progra~2/armgnu~1/12977f~1.2mp/bin/../lib/gcc/arm-none-eabi/12.2.1/thumb/v7e-m+fp/hard\libg.a(libc_a-strtol.o)
 .text.strtol   0x0800c26c       0x1c c:/progra~2/armgnu~1/12977f~1.2mp/bin/../lib/gcc/arm-none-eabi/12.2.1/thumb/v7e-m+fp/hard\libg.a(libc_a-strtol.o)
                0x0800c26c                strtol
 .text.fiprintf
                0x0800c288       0x28 c:/progra~2/armgnu~1/12977f~1.2mp/bin/../lib/gcc/arm-none-eabi/12.2.1/thumb/v7e-m+fp/hard\libg.a(libc_a-fiprintf.o)
                0x0800c288                fiprintf
 .text.__sprint_r.part.0
                0x0800c2b0       0x78 c:/progra~2/armgnu~1/12977f~1.2mp/bin/../lib/gcc/arm-none-eabi/12.2.1/thumb/v7e-m+fp/hard\libg.a(libc_a-vfiprintf.o)
 .text._vfiprintf_r
                0x0800c328      0xfa8 c:/progra~2/armgnu~1/12977f~1.2mp/bin/../lib/gcc/arm-none-eabi/12.2.1/thumb/v7e-m+fp/hard\libg.a(libc_a-vfiprintf.o)
                0x0800c328                _vfiprintf_r
 .text.__sbprintf
                0x0800d2d0       0x80 c:/progra~2/armgnu~1/12977f~1.2mp/bin/../lib/gcc/arm-none-eabi/12.2.1/thumb/v7e-m+fp/hard\libg.a(libc_a-vfiprintf.o)
 .text.__sflush_r
                0x0800d350      0x138 c:/progra~2/armgnu~1/12977f~1.2mp/bin/../lib/gcc/arm-none-eabi/12.2.1/thumb/v7e-m+fp/hard\libg.a(libc_a-fflush.o)
                0x0800d350                __sflush_r
 .text._fflush_r
                0x0800d488       0x54 c:/progra~2/armgnu~1/12977f~1.2mp/bin/../lib/gcc/arm-none-eabi/12.2.1/thumb/v7e-m+fp/hard\libg.a(libc_a-fflush.o)
                0x0800d488                _fflush_r
 .text.stdio_exit_handler
                0x0800d4dc       0x18 c:/progra~2/armgnu~1/12977f~1.2mp/bin/../lib/gcc/arm-none-eabi/12.2.1/thumb/v7e-m+fp/hard\libg.a(libc_a-findfp.o)
 .text.cleanup_stdio
                0x0800d4f4       0x40 c:/progra~2/armgnu~1/12977f~1.2mp/bin/../lib/gcc/arm-none-eabi/12.2.1/thumb/v7e-m+fp/hard\libg.a(libc_a-findfp.o)
 .text.global_stdio_init.part.0
                0x0800d534       0xf0 c:/progra~2/armgnu~1/12977f~1.2mp/bin/../lib/gcc/arm-none-eabi/12.2.1/thumb/v7e-m+fp/hard\libg.a(libc_a-findfp.o)
 .text.__sinit  0x0800d624       0x3c c:/progra~2/armgnu~1/12977f~1.2mp/bin/../lib/gcc/arm-none-eabi/12.2.1/thumb/v7e-m+fp/hard\libg.a(libc_a-findfp.o)
                0x0800d624                __sinit
 .text.__sfp_lock_acquire
                0x0800d660        0xc c:/progra~2/armgnu~1/12977f~1.2mp/bin/../lib/gcc/arm-none-eabi/12.2.1/thumb/v7e-m+fp/hard\libg.a(libc_a-findfp.o)
                0x0800d660                __sfp_lock_acquire
 .text.__sfp_lock_release
                0x0800d66c        0xc c:/progra~2/armgnu~1/12977f~1.2mp/bin/../lib/gcc/arm-none-eabi/12.2.1/thumb/v7e-m+fp/hard\libg.a(libc_a-findfp.o)
                0x0800d66c                __sfp_lock_release
 .text.__sfvwrite_r
                0x0800d678      0x300 c:/progra~2/armgnu~1/12977f~1.2mp/bin/../lib/gcc/arm-none-eabi/12.2.1/thumb/v7e-m+fp/hard\libg.a(libc_a-fvwrite.o)
                0x0800d678                __sfvwrite_r
 .text._fwalk_sglue
                0x0800d978       0x48 c:/progra~2/armgnu~1/12977f~1.2mp/bin/../lib/gcc/arm-none-eabi/12.2.1/thumb/v7e-m+fp/hard\libg.a(libc_a-fwalk.o)
                0x0800d978                _fwalk_sglue
 .text.snprintf
                0x0800d9c0       0x88 c:/progra~2/armgnu~1/12977f~1.2mp/bin/../lib/gcc/arm-none-eabi/12.2.1/thumb/v7e-m+fp/hard\libg.a(libc_a-snprintf.o)
                0x0800d9c0                snprintf
 .text.sprintf  0x0800da48       0x40 c:/progra~2/armgnu~1/12977f~1.2mp/bin/../lib/gcc/arm-none-eabi/12.2.1/thumb/v7e-m+fp/hard\libg.a(libc_a-sprintf.o)
                0x0800da48                sprintf
 .text.__sread  0x0800da88       0x24 c:/progra~2/armgnu~1/12977f~1.2mp/bin/../lib/gcc/arm-none-eabi/12.2.1/thumb/v7e-m+fp/hard\libg.a(libc_a-stdio.o)
                0x0800da88                __sread
 .text.__swrite